

root@core1.vzh> show system uptime no-forwarding

Current time: 2017-07-10 21:04:49 UTC
Time Source:  NTP CLOCK
System booted: 2017-05-16 16:42:27 UTC (7w6d 04:22 ago)
Protocols started: 2017-05-16 16:46:04 UTC (7w6d 04:18 ago)
Last configured: 2017-05-30 17:32:16 UTC (5w6d 03:32 ago) by jvyas
 9:04PM  up 55 days,  4:22, 1 users, load averages: 1.54, 0.98, 0.75


root@core1.vzh> show version detail no-forwarding

Hostname: core1.vzh
Model: qfx10008
Junos: 15.1X53-D63.9
JUNOS OS Kernel 64-bit FLEX [20160825.336113_builder_stable_10-331042]
JUNOS OS libs [20160825.336113_builder_stable_10-331042]
JUNOS OS runtime [20160825.336113_builder_stable_10-331042]
JUNOS OS time zone information [20160825.336113_builder_stable_10-331042]
JUNOS OS libs compat32 [20160825.336113_builder_stable_10-331042]
JUNOS OS 32-bit compatibility [20160825.336113_builder_stable_10-331042]
JUNOS py extensions [20170401.205634_builder_junos_151_x53_d63]
JUNOS py base [20170401.205634_builder_junos_151_x53_d63]
JUNOS OS vmguest [20160825.336113_builder_stable_10-331042]
JUNOS OS crypto [20160825.336113_builder_stable_10-331042]
JUNOS network stack and utilities [20170401.205634_builder_junos_151_x53_d63]
JUNOS libs compat32 [20170401.205634_builder_junos_151_x53_d63]
JUNOS runtime [20170401.205634_builder_junos_151_x53_d63]
JUNOS qfx runtime [20170401.205634_builder_junos_151_x53_d63]
JUNOS qfx platform support [20170401.205634_builder_junos_151_x53_d63]
JUNOS modules [20170401.205634_builder_junos_151_x53_d63]
JUNOS qfx modules [20170401.205634_builder_junos_151_x53_d63]
JUNOS libs [20170401.205634_builder_junos_151_x53_d63]
JUNOS Data Plane Crypto Support [20170401.205634_builder_junos_151_x53_d63]
JUNOS daemons [20170401.205634_builder_junos_151_x53_d63]
JUNOS qfx daemons [20170401.205634_builder_junos_151_x53_d63]
JUNOS Voice Services Container package [20170401.205634_builder_junos_151_x53_d63]
JUNOS Services SSL [20170401.205634_builder_junos_151_x53_d63]
JUNOS Services Stateful Firewall [20170401.205634_builder_junos_151_x53_d63]
JUNOS Services RPM [20170401.205634_builder_junos_151_x53_d63]
JUNOS Services PTSP Container package [20170401.205634_builder_junos_151_x53_d63]
JUNOS Services NAT [20170401.205634_builder_junos_151_x53_d63]
JUNOS Services Mobile Subscriber Service Container package [20170401.205634_builder_junos_151_x53_d63]
JUNOS Services MobileNext Software package [20170401.205634_builder_junos_151_x53_d63]
JUNOS Services LL-PDF Container package [20170401.205634_builder_junos_151_x53_d63]
JUNOS Services Jflow Container package [20170401.205634_builder_junos_151_x53_d63]
JUNOS Services IPSec [20170401.205634_builder_junos_151_x53_d63]
JUNOS IDP Services [20170401.205634_builder_junos_151_x53_d63]
JUNOS Services HTTP Content Management package [20170401.205634_builder_junos_151_x53_d63]
JUNOS Services Crypto [20170401.205634_builder_junos_151_x53_d63]
JUNOS Services Captive Portal and Content Delivery Container package [20170401.205634_builder_junos_151_x53_d63]
JUNOS Border Gateway Function package [20170401.205634_builder_junos_151_x53_d63]
JUNOS AppId Services [20170401.205634_builder_junos_151_x53_d63]
JUNOS Services Application Level Gateways [20170401.205634_builder_junos_151_x53_d63]
JUNOS Services AACL Container package [20170401.205634_builder_junos_151_x53_d63]
JUNOS SDN Software Suite [20170401.205634_builder_junos_151_x53_d63]
JUNOS jpuppet 3.6.1_2.1.junos.x86-32
JUNOS Packet Forwarding Engine Support (DC-PFE) [20170401.205634_builder_junos_151_x53_d63]
JUNOS Online Documentation [20170401.205634_builder_junos_151_x53_d63]
JUNOS chef 11.10.4_1.1.junos.x86-32
JUNOS Host Software [3.14.52-rt50-WR7.0.0.9_ovp:3.0.2]
JUNOS Host qfx-10-m platform package [15.1X53-D63.9]
JUNOS Host qfx-10-m control-plane flex package [15.1X53-D63.9]
JUNOS Host qfx-10-m base package [15.1X53-D63.9]
JUNOS Host qfx-10-m data-plane package [15.1X53-D63.9]
JUNOS Host qfx-10-m fabric package [15.1X53-D63.9]
Junos for Automation Enhancement
KERNEL JNPR-10.1-20160825.336113_builder_stable_10-331042 #0 built by builder on Thu A
MGD release 15.1X53-D63.9 built by builder on 2017-04-01 21:41:33 UTC
CLI release 15.1X53-D63.9 built by builder on 2017-04-01 21:28:57 UTC
RPD release 15.1X53-D63.9 built by builder on 2017-04-01 21:43:00 UTC
CHASSISD release 15.1X53-D63.9 built by builder on 2017-04-01 21:32:12 UTC
JLAUNCHD release 15.1X53-D63.9 built by builder on 2017-04-01 21:26:11 UTC
DFWD release 15.1X53-D63.9 built by builder on 2017-04-01 21:33:08 UTC
DCD release 15.1X53-D63.9 built by builder on 2017-04-01 21:41:03 UTC
SNMPD release 15.1X53-D63.9 built by builder on 2017-04-01 21:41:37 UTC
MIB2D release 15.1X53-D63.9 built by builder on 2017-04-01 21:34:07 UTC
VRRPD release 15.1X53-D63.9 built by builder on 2017-04-01 21:35:59 UTC
ALARMD release 15.1X53-D63.9 built by builder on 2017-04-01 21:32:42 UTC
PFED release 15.1X53-D63.9 built by builder on 2017-04-01 21:34:19 UTC
ANALYTICSD release 15.1X53-D63.9 built by builder on 2017-04-01 21:29:59 UTC
SAMPLED release 15.1X53-D63.9 built by builder on 2017-04-01 21:35:26 UTC
SRRD release 15.1X53-D63.9 built by builder on 2017-04-01 21:31:39 UTC
RMOPD release 15.1X53-D63.9 built by builder on 2017-04-01 21:32:31 UTC
COSD release 15.1X53-D63.9 built by builder on 2017-04-01 21:37:07 UTC
FUD release 15.1X53-D63.9 built by builder on 2017-04-01 21:32:00 UTC
KSYNCD release 15.1X53-D63.9 built by builder on 2017-04-01 21:30:23 UTC
RDD release 15.1X53-D63.9 built by builder on 2017-04-01 21:30:29 UTC
LACPD release 15.1X53-D63.9 built by builder on 2017-04-01 21:34:04 UTC
LFMD release 15.1X53-D63.9 built by builder on 2017-04-01 21:30:23 UTC
OAMD release 15.1X53-D63.9 built by builder on 2017-04-01 21:30:25 UTC
CFMD release 15.1X53-D63.9 built by builder on 2017-04-01 21:32:52 UTC
JDHCPD release 15.1X53-D63.9 built by builder on 2017-04-01 21:33:20 UTC
SSD release 15.1X53-D63.9 built by builder on 2017-04-01 21:30:36 UTC
AUTHD release 15.1X53-D63.9 built by builder on 2017-04-01 21:32:24 UTC
BDBREPD release 15.1X53-D63.9 built by builder on 2017-04-01 21:30:10 UTC
ICCPD release 15.1X53-D63.9 built by builder on 2017-04-01 21:30:16 UTC
MCLAG-CFGCHKD release 15.1X53-D63.9 built by builder on 2017-04-01 21:30:55 UTC
SHM-RTSDBD release 15.1X53-D63.9 built by builder on 2017-04-01 21:32:02 UTC
DATAPATH-TRACED release 15.1X53-D63.9 built by builder on 2017-04-01 21:30:14 UTC
SMID release 15.1X53-D63.9 built by builder on 2017-04-01 21:30:32 UTC
JDDOSD release 15.1X53-D63.9 built by builder on 2017-04-01 21:31:05 UTC
CLKSYNCD release 15.1X53-D63.9 built by builder on 2017-04-01 21:32:55 UTC
GSTATD release 15.1X53-D63.9 built by builder on 2017-04-01 21:31:00 UTC
SFLOWD release 15.1X53-D63.9 built by builder on 2017-04-01 21:30:47 UTC
UFDD release 15.1X53-D63.9 built by builder on 2017-04-01 21:30:48 UTC
PPMD release 15.1X53-D63.9 built by builder on 2017-04-01 21:32:13 UTC
LRMUXD release 15.1X53-D63.9 built by builder on 2017-04-01 21:41:03 UTC
PGMD release 15.1X53-D63.9 built by builder on 2017-04-01 21:30:28 UTC
BFDD release 15.1X53-D63.9 built by builder on 2017-04-01 21:32:07 UTC
SDXD release 15.1X53-D63.9 built by builder on 2017-04-01 21:30:31 UTC
AUDITD release 15.1X53-D63.9 built by builder on 2017-04-01 21:30:07 UTC
L2ALD release 15.1X53-D63.9 built by builder on 2017-04-01 21:34:01 UTC
EVENTD release 15.1X53-D63.9 built by builder on 2017-04-01 21:33:12 UTC
L2CPD release 15.1X53-D63.9 built by builder on 2017-04-01 21:37:10 UTC
MCSNOOPD release 15.1X53-D63.9 built by builder on 2017-04-01 21:41:43 UTC
MPLSOAMD release 15.1X53-D63.9 built by builder on 2017-04-01 21:31:37 UTC
COMMITD release 15.1X53-D63.9 built by builder on 2017-04-01 21:41:21 UTC
JNUD release 15.1X53-D63.9 built by builder on 2017-04-01 21:33:32 UTC
WEB-API release 15.1X53-D63.9 built by builder on 2017-04-01 21:26:19 UTC
OVERLAYD release 15.1X53-D63.9 built by builder on 2017-04-01 21:30:56 UTC
CAED release 15.1X53-D63.9 built by builder on 2017-04-01 21:29:59 UTC
PHONE-HOME release 15.1X53-D63.9 built by builder on 2017-04-01 21:30:49 UTC
SDPD release 15.1X53-D63.9 built by builder on 2017-04-01 21:31:56 UTC
SPMD release 15.1X53-D63.9 built by builder on 2017-04-01 21:35:36 UTC
SCPD release 15.1X53-D63.9 built by builder on 2017-04-01 21:31:55 UTC
OVSDBD release 15.1X53-D63.9 built by builder on 2017-04-01 21:30:58 UTC
OPENFLOWD release 15.1X53-D63.9 built by builder on 2017-04-01 21:37:41 UTC
VGD release 15.1X53-D63.9 built by builder on 2017-04-01 21:31:02 UTC
LFMD release 15.1X53-D63.9 built by builder on 2017-04-01 21:30:23 UTC
DOT1XD release 15.1X53-D63.9 built by builder on 2017-04-01 21:32:18 UTC
ANALYTICSD release 15.1X53-D63.9 built by builder on 2017-04-01 21:29:59 UTC
SFLOWD release 15.1X53-D63.9 built by builder on 2017-04-01 21:30:47 UTC
VCCPD release 15.1X53-D63.9 built by builder on 2017-04-01 21:37:07 UTC
SDK-MGMTD release 15.1X53-D63.9 built by builder on 2017-04-01 21:41:26 UTC
SDK-VMMD release 15.1X53-D63.9 built by builder on 2017-04-01 21:37:33 UTC
KMD release 15.1X53-D63.9 built by builder on 2017-04-01 21:32:07 UTC
PKID release 15.1X53-D63.9 built by builder on 2017-04-01 21:32:26 UTC
SENDD release 15.1X53-D63.9 built by builder on 2017-04-01 21:30:07 UTC
jroute-actions-dd release 15.1X53-D63.9 built by builder on 2017-04-01 21:23:30 UTC
jkernel-actions-dd release 15.1X53-D63.9 built by builder on 2017-04-01 21:23:27 UTC
appsecure-actions-dd release 15.1X53-D63.9 built by builder on 2017-04-01 21:21:54 UTC
aprobe-actions-dd release 15.1X53-D63.9 built by builder on 2017-04-01 21:21:56 UTC
authd_cmd-actions-dd release 15.1X53-D63.9 built by builder on 2017-04-01 21:22:01 UTC
autoconfd_cmd-actions-dd release 15.1X53-D63.9 built by builder on 2017-04-01 21:22:02 UTC
bdbrepd_cmd-actions-dd release 15.1X53-D63.9 built by builder on 2017-04-01 21:22:10 UTC
caed-actions-dd release 15.1X53-D63.9 built by builder on 2017-04-01 21:22:11 UTC
cfm-actions-dd release 15.1X53-D63.9 built by builder on 2017-04-01 21:22:14 UTC
chassis_cmd-actions-dd release 15.1X53-D63.9 built by builder on 2017-04-01 21:22:19 UTC
clksyncd-actions-dd release 15.1X53-D63.9 built by builder on 2017-04-01 21:22:22 UTC
cos_cmd-actions-dd release 15.1X53-D63.9 built by builder on 2017-04-01 21:22:28 UTC
cpcdd_cmd-actions-dd release 15.1X53-D63.9 built by builder on 2017-04-01 21:22:29 UTC
dcbx-actions-dd release 15.1X53-D63.9 built by builder on 2017-04-01 21:22:31 UTC
dcd_cmd-actions-dd release 15.1X53-D63.9 built by builder on 2017-04-01 21:22:34 UTC
demuxd-actions-dd release 15.1X53-D63.9 built by builder on 2017-04-01 21:22:36 UTC
dfcd_cmd-actions-dd release 15.1X53-D63.9 built by builder on 2017-04-01 21:22:38 UTC
dot1xd-actions-dd release 15.1X53-D63.9 built by builder on 2017-04-01 21:22:40 UTC
dyn-sess-prof-actions-dd release 15.1X53-D63.9 built by builder on 2017-04-01 21:22:41 UTC
elmi-actions-dd release 15.1X53-D63.9 built by builder on 2017-04-01 21:22:42 UTC
forwarding_options_cmd-actions-dd release 15.1X53-D63.9 built by builder on 2017-04-01 21:22:44 UTC
gres-test-point-actions-dd release 15.1X53-D63.9 built by builder on 2017-04-01 21:22:45 UTC
httpd_cmd-actions-dd release 15.1X53-D63.9 built by builder on 2017-04-01 21:22:45 UTC
iccp_cmd-actions-dd release 15.1X53-D63.9 built by builder on 2017-04-01 21:22:46 UTC
ilmid-actions-dd release 15.1X53-D63.9 built by builder on 2017-04-01 21:22:47 UTC
jappid-actions-dd release 15.1X53-D63.9 built by builder on 2017-04-01 21:22:47 UTC
jcrypto-actions-dd release 15.1X53-D63.9 built by builder on 2017-04-01 21:22:48 UTC
jcrypto_junos-actions-dd release 15.1X53-D63.9 built by builder on 2017-04-01 21:22:50 UTC
jddosd-actions-dd release 15.1X53-D63.9 built by builder on 2017-04-01 21:23:08 UTC
jdiameterd-actions-dd release 15.1X53-D63.9 built by builder on 2017-04-01 21:22:50 UTC
jidpd-actions-dd release 15.1X53-D63.9 built by builder on 2017-04-01 21:22:54 UTC
jkernel_cmd-actions-dd release 15.1X53-D63.9 built by builder on 2017-04-01 21:23:07 UTC
jroute_junos-actions-dd release 15.1X53-D63.9 built by builder on 2017-04-01 21:23:10 UTC
l2ald-actions-dd release 15.1X53-D63.9 built by builder on 2017-04-01 21:23:11 UTC
lldp-actions-dd release 15.1X53-D63.9 built by builder on 2017-04-01 21:23:13 UTC
mclag_cfgchk_cmd-actions-dd release 15.1X53-D63.9 built by builder on 2017-04-01 21:23:13 UTC
mcsnoop-actions-dd release 15.1X53-D63.9 built by builder on 2017-04-01 21:23:18 UTC
pccd-actions-dd release 15.1X53-D63.9 built by builder on 2017-04-01 21:23:32 UTC
rdd-actions-dd release 15.1X53-D63.9 built by builder on 2017-04-01 21:23:37 UTC
services-actions-dd release 15.1X53-D63.9 built by builder on 2017-04-01 21:23:47 UTC
sflow-service-actions-dd release 15.1X53-D63.9 built by builder on 2017-04-01 21:23:42 UTC
stp-actions-dd release 15.1X53-D63.9 built by builder on 2017-04-01 21:23:48 UTC
stpng-actions-dd release 15.1X53-D63.9 built by builder on 2017-04-01 21:23:48 UTC
subinfo-actions-dd release 15.1X53-D63.9 built by builder on 2017-04-01 21:23:48 UTC
transportd-actions-dd release 15.1X53-D63.9 built by builder on 2017-04-01 21:23:50 UTC
ufdd-actions-dd release 15.1X53-D63.9 built by builder on 2017-04-01 21:23:51 UTC
vgd-actions-dd release 15.1X53-D63.9 built by builder on 2017-04-01 21:23:53 UTC
virtualchassis-actions-dd release 15.1X53-D63.9 built by builder on 2017-04-01 21:23:53 UTC
vlans-ng-actions-dd release 15.1X53-D63.9 built by builder on 2017-04-01 21:23:54 UTC
openflowd-actions-dd release 15.1X53-D63.9 built by builder on 2017-04-01 21:23:30 UTC
scpd-actions-dd release 15.1X53-D63.9 built by builder on 2017-04-01 21:23:39 UTC
sdpd-actions-dd release 15.1X53-D63.9 built by builder on 2017-04-01 21:23:40 UTC
spmd-actions-dd release 15.1X53-D63.9 built by builder on 2017-04-01 21:23:45 UTC
jdocs-actions-dd release 15.1X53-D63.9 built by builder on 2017-04-01 21:13:19 UTC
jkernel_dcp-actions-dd release 15.1X53-D63.9 built by builder on 2017-04-01 21:13:35 UTC
services_dcp-actions-dd release 15.1X53-D63.9 built by builder on 2017-04-01 21:13:42 UTC
autod-actions-dd release 15.1X53-D63.9 built by builder on 2017-04-01 21:13:22 UTC
dhcp-dcp-actions-dd release 15.1X53-D63.9 built by builder on 2017-04-01 21:13:21 UTC
jswitch_dcp_ng-actions-dd release 15.1X53-D63.9 built by builder on 2017-04-01 21:13:39 UTC


root@core1.vzh> show system core-dumps no-forwarding

/var/tmp/*core*: No such file or directory
Host Crash Info:
------------------------------------------------------
No corefiles present on the host.


root@core1.vzh> show chassis alarms no-forwarding

No alarms currently active


root@core1.vzh> show chassis hardware detail no-forwarding

Hardware inventory:
Item             Version  Part number  Serial number     Description
Chassis                                DF029             QFX10008
Midplane         REV 23   750-054097   ACNV3764          QFX10008 Midplane
Routing Engine 0          BUILTIN      BUILTIN           Routing Engine
  ada0   8193 MB  QEMU                 QM00001           Virtio Block Disk
  ada1   4096 MB  QEMU                 QM00002           Virtio Block Disk
  ada2    512 MB  QEMU                 QM00003           Virtio Block Disk
  ada3   1024 MB  QEMU                 QM00004           Virtio Block Disk
  usb0 (addr 0.1) UHCI root HUB 0      Intel             uhub0
  usb0 (addr 1.1) EHCI root HUB 0      Intel             uhub1
  usb0 (addr 1.2) product 0x0020 32    vendor 0x8087     uhub2
Routing Engine 1          BUILTIN      BUILTIN           Routing Engine
  ada0   8193 MB  QEMU                 QM00001           Virtio Block Disk
  ada1   4096 MB  QEMU                 QM00002           Virtio Block Disk
  ada2    512 MB  QEMU                 QM00003           Virtio Block Disk
  ada3   1024 MB  QEMU                 QM00004           Virtio Block Disk
  usb0 (addr 0.1) UHCI root HUB 0      Intel             uhub0
  usb0 (addr 1.1) EHCI root HUB 0      Intel             uhub1
  usb0 (addr 1.2) product 0x0020 32    vendor 0x8087     uhub2
CB 0             REV 28   750-052688   ACNV4607          Control Board
CB 1             REV 28   750-052688   ACNR7255          Control Board
FPC 0            REV 29   750-051357   ACNP0173          ULC-30Q28
  CPU                     BUILTIN      BUILTIN           FPC CPU
  PIC 0                   BUILTIN      BUILTIN           30X100G
    Xcvr 0       REV 01   740-061409   1GCQA113025       100GBASE-LR4
    Xcvr 1       REV 01   740-061409   1GCQA11300J       100GBASE-LR4
    Xcvr 2       REV 01   740-061409   1GCQA11600B       100GBASE-LR4
    Xcvr 3       REV 01   740-061409   1GCQA114016       100GBASE-LR4
FPC 1            REV 29   750-051357   ACNP0168          ULC-30Q28
  CPU                     BUILTIN      BUILTIN           FPC CPU
  PIC 0                   BUILTIN      BUILTIN           30X100G
    Xcvr 0       REV 01   740-061409   1GCQA11504X       100GBASE-LR4
    Xcvr 1       REV 01   740-061409   1GCQA11300Z       100GBASE-LR4
FPC 2            REV 33   750-051354   ACNN3115          ULC-36Q-12Q28
  CPU                     BUILTIN      BUILTIN           FPC CPU
  PIC 0                   BUILTIN      BUILTIN           36X40G
    Xcvr 0       REV 01   740-057315   INGAP5631958      QSFP+4x10G-LR (PSM4)
    Xcvr 1       REV 01   740-057315   INFBY3150962      QSFP+4x10G-LR (PSM4)
    Xcvr 2       REV 01   740-057315   INFBY3150867      QSFP+4x10G-LR (PSM4)
    Xcvr 3       REV 01   740-057315   INFBY3150826      QSFP+4x10G-LR (PSM4)
    Xcvr 4       REV 01   740-057315   INGAL5630720      QSFP+4x10G-LR (PSM4)
FPC 3            REV 33   750-051354   ACNP4579          ULC-36Q-12Q28
  CPU                     BUILTIN      BUILTIN           FPC CPU
  PIC 0                   BUILTIN      BUILTIN           36X40G
    Xcvr 0       REV 01   740-057315   INFBY3150830      QSFP+4x10G-LR (PSM4)
    Xcvr 1       REV 01   740-057315   INFBY3150769      QSFP+4x10G-LR (PSM4)
    Xcvr 2       REV 01   740-057315   INFBY3150875      QSFP+4x10G-LR (PSM4)
    Xcvr 3       REV 01   740-057315   INFBY3150869      QSFP+4x10G-LR (PSM4)
    Xcvr 4       REV 01   740-057315   INFBY3150942      QSFP+4x10G-LR (PSM4)
FPC 4            REV 33   750-051354   ACNS2855          ULC-36Q-12Q28
  CPU                     BUILTIN      BUILTIN           FPC CPU
  PIC 0                   BUILTIN      BUILTIN           36X40G
    Xcvr 0       REV 01   740-032986   QF3906HX          QSFP+-40G-SR4
    Xcvr 1       REV 01   740-032986   QF3901EX          QSFP+-40G-SR4
    Xcvr 2       REV 01   740-032986   QF39066U          QSFP+-40G-SR4
    Xcvr 3       REV 01   740-032986   QF3807VA          QSFP+-40G-SR4
    Xcvr 4       REV 01   740-032986   QF3902S6          QSFP+-40G-SR4
    Xcvr 33      REV 01   740-032986   QF39077L          QSFP+-40G-SR4
    Xcvr 34      REV 01   740-032986   QF3905VC          QSFP+-40G-SR4
    Xcvr 35      REV 01   740-032986   QF3906E5          QSFP+-40G-SR4
FPC 5            REV 33   750-051354   ACNS2831          ULC-36Q-12Q28
  CPU                     BUILTIN      BUILTIN           FPC CPU
  PIC 0                   BUILTIN      BUILTIN           36X40G
    Xcvr 0       REV 01   740-032986   QF39047C          QSFP+-40G-SR4
    Xcvr 1       REV 01   740-032986   QF3906B2          QSFP+-40G-SR4
    Xcvr 2       REV 01   740-032986   QF3807WQ          QSFP+-40G-SR4
    Xcvr 3       REV 01   740-032986   QF39044D          QSFP+-40G-SR4
    Xcvr 4       REV 01   740-032986   QF390AJM          QSFP+-40G-SR4
    Xcvr 33      REV 01   740-032986   QF390AJP          QSFP+-40G-SR4
    Xcvr 34      REV 01   740-032986   QF3905UF          QSFP+-40G-SR4
    Xcvr 35      REV 01   740-032986   QF3909VT          QSFP+-40G-SR4
FPC 6            REV 33   750-051354   ACNT2316          ULC-36Q-12Q28
  CPU                     BUILTIN      BUILTIN           FPC CPU
  PIC 0                   BUILTIN      BUILTIN           36X40G
    Xcvr 0       REV 01   740-032986   QF3904L2          QSFP+-40G-SR4
    Xcvr 1       REV 01   740-032986   QF3905JT          QSFP+-40G-SR4
    Xcvr 2       REV 01   740-032986   QF3906D4          QSFP+-40G-SR4
    Xcvr 3       REV 01   740-032986   QF3907ZQ          QSFP+-40G-SR4
    Xcvr 4       REV 01   740-032986   QF39046J          QSFP+-40G-SR4
    Xcvr 34      REV 01   740-032986   QF3902SJ          QSFP+-40G-SR4
    Xcvr 35      REV 01   740-032986   QF3809J0          QSFP+-40G-SR4
FPC 7            REV 33   750-051354   ACNT2275          ULC-36Q-12Q28
  CPU                     BUILTIN      BUILTIN           FPC CPU
  PIC 0                   BUILTIN      BUILTIN           36X40G
    Xcvr 0       REV 01   740-032986   QF39048E          QSFP+-40G-SR4
    Xcvr 1       REV 01   740-032986   QF3905KL          QSFP+-40G-SR4
    Xcvr 2       REV 01   740-032986   QF3906NB          QSFP+-40G-SR4
    Xcvr 3       REV 01   740-032986   QF3807X2          QSFP+-40G-SR4
    Xcvr 4       REV 01   740-032986   QF39045M          QSFP+-40G-SR4
    Xcvr 34      REV 01   740-032986   QF3904CA          QSFP+-40G-SR4
    Xcvr 35      REV 01   740-032986   QF39047B          QSFP+-40G-SR4
FPD Board        REV 07   711-054687   ACNV2187          QFX10000 FPD
Power Supply 0   REV 01   740-049503   1EDM5480442       QFX10000 DC
Power Supply 1   REV 01   740-049503   1EDM5480506       QFX10000 DC
Power Supply 2   REV 01   740-049503   1EDM5480611       QFX10000 DC
Power Supply 3   REV 01   740-049503   1EDM5480574       QFX10000 DC
Power Supply 4   REV 01   740-049503   1EDM5480638       QFX10000 DC
Power Supply 5   REV 01   740-049503   1EDM5480499       QFX10000 DC
FTC 0            REV 13   750-050108   ACNS3098          QFX10000 FTC
FTC 1            REV 13   750-050108   ACNS3205          QFX10000 FTC
Fan Tray 0       REV 09   760-054372   ACNN4515          QFX10008 FHB
Fan Tray 1       REV 09   760-054372   ACNV1552          QFX10008 FHB
SIB 0            REV 23   750-050058   ACNV0129          QFX10008 SIB
SIB 1            REV 23   750-050058   ACNT9974          QFX10008 SIB
SIB 2            REV 23   750-050058   ACNV0037          QFX10008 SIB
SIB 3            REV 23   750-050058   ACNV0005          QFX10008 SIB
SIB 4            REV 23   750-050058   ACNV0000          QFX10008 SIB
SIB 5            REV 23   750-050058   ACNV0107          QFX10008 SIB


root@core1.vzh> show system processes extensive no-forwarding

last pid:  1588;  load averages:  1.54,  0.98,  0.75  up 55+04:22:23    21:04:50
200 processes: 3 running, 157 sleeping, 4 zombie, 36 waiting

Mem: 76M Active, 428M Inact, 1055M Wired, 1057M Buf, 9799M Free
Swap: 2048M Total, 2048M Free



  PID USERNAME  PRI NICE   SIZE    RES STATE   C   TIME    WCPU COMMAND
   10 root      155 ki31     0K    32K RUN     1 1226.5  94.19% idle{idle: cpu1}
   10 root      155 ki31     0K    32K CPU0    0 1225.4  92.77% idle{idle: cpu0}
   11 root      -72    -     0K   576K WAIT    0  56.7H   4.79% intr{swi1: netisr 0}
12545 root       22    0   551M 47960K kqread  1  37.0H   3.17% rpd
 3461 root       21    0   459M  4496K select  0 227:15   2.39% eventd
 3470 root       20    0 89960K   688K nanslp  0 610:38   0.59% fxpc
   11 root      -92    -     0K   576K WAIT    1 451:56   0.59% intr{irq272: virtio_p}
12683 root        4    -     0K    16K select  1 533:31   0.20% peerproxy80000006
 3450 root       20    0   539M 29204K select  1  46:05   0.10% chassisd{chassisd}
 1396 root       20    0   469M 26688K select  0   0:00   0.10% mgd
   11 root      -60    -     0K   576K WAIT    1 415:49   0.00% intr{swi4: +}
12576 root        4    -     0K    16K select  1 408:08   0.00% peerproxy80000011
12577 root        4    -     0K    16K select  1 270:56   0.00% peerproxy80000013
12578 root        4    -     0K    16K select  0 261:37   0.00% peerproxy80000015
12579 root        4    -     0K    16K select  1 246:57   0.00% peerproxy80000016
12581 root        4    -     0K    16K select  1 235:34   0.00% peerproxy80000012
12582 root        4    -     0K    16K select  1 234:46   0.00% peerproxy80000010
12580 root        4    -     0K    16K select  1 233:59   0.00% peerproxy80000014
12583 root        4    -     0K    16K select  1 233:32   0.00% peerproxy80000017
   11 root      -60    -     0K   576K WAIT    0 222:02   0.00% intr{swi4: clock}
   11 root      -92    -     0K   576K WAIT    1 183:39   0.00% intr{irq266: igb0:que}
   13 root      -16    -     0K    16K -       1 181:00   0.00% rand_harvestq
12650 root       20    0   538M 31176K select  0 171:55   0.00% authd
12632 root       20    0   489M 21368K select  0 136:41   0.00% l2ald
12643 root       20    0   508M 25132K select  1  90:26   0.00% pfed
12447 root        4    -     0K    16K select  0  88:09   0.00% jsr_kkcm
12622 root       20    0   528M  6216K select  0  77:16   0.00% rmopd
12642 root       20    0   486M 22532K select  0  70:54   0.00% mib2d
    6 root      -16    -     0K    16K client  0  66:12   0.00% ifstate notify
12646 root       20    0   532M 19792K select  1  52:38   0.00% jdhcpd
   11 root      -92    -     0K   576K WAIT    0  48:09   0.00% intr{irq265: igb0:que}
 3446 root       20    0   463M  8120K select  1  35:49   0.00% ppmd
12634 root       20    0   467M  6084K select  0  34:21   0.00% jddosd{jddosd}
12645 root       20    0   481M 15052K select  0  32:25   0.00% snmpd
 3473 root       20    0   463M  5580K select  0  29:34   0.00% license-check
12544 root       20    0   493M 13148K kqread  0  25:46   0.00% l2cpd
12546 root       20    0   473M 10272K select  1  25:16   0.00% bdbrepd
 3463 root       20    0   465M  4216K select  0  19:47   0.00% shm-rtsdbd
    0 root        8    0     0K   416K -       0  13:12   0.00% kernel{kqueue taskq}
12623 root       20    0   470M  9772K select  0  12:54   0.00% cosd
   11 root      -60    -     0K   576K WAIT    0  10:22   0.00% intr{swi4: clock}
 3472 root       20    0   776M  3544K nanslp  0  10:17   0.00% gstatd
 3466 root       20    0   459M  3660K select  0  10:00   0.00% irsd
   11 root      -88    -     0K   576K WAIT    1   9:39   0.00% intr{irq10: ehci0}
 3450 root      -26  r26   539M 29204K nanslp  0   8:41   0.00% chassisd{chassisd}
 3451 root       20    0   463M  5296K select  0   7:14   0.00% alarmd
   11 root      -88    -     0K   576K WAIT    1   6:47   0.00% intr{irq14: ata0}
 3497 root       20    0   464M  6144K select  1   6:28   0.00% lacpd
   17 root       16    -     0K    16K syncer  0   5:55   0.00% syncer
 3460 root       20    0   463M  5744K select  0   5:27   0.00% bfdd
 3464 root       20    0   501M 37068K select  0   4:46   0.00% smid
12654 root       20    0   473M 13728K select  0   4:11   0.00% dcd
    4 root      -16    -     0K    32K -       1   3:44   0.00% cam{doneq0}
12641 root       20    0   465M  5416K select  0   3:43   0.00% pkid
12630 root       20    0 39688K 17280K select  0   3:31   0.00% ntpd
   11 root      -92    -     0K   576K WAIT    0   2:52   0.00% intr{irq269: virtio_p}
   14 root      -68    -     0K   128K -       1   2:36   0.00% usb{usbus1}
   14 root      -68    -     0K   128K -       1   2:10   0.00% usb{usbus1}
    0 root      -52    0     0K   416K -       0   1:53   0.00% kernel{deadlkres}
 3468 root       20    0   468M  5504K select  0   1:39   0.00% sdk-vmmd{sdk-vmmd}
    8 root      -16    -     0K    32K psleep  1   1:36   0.00% pagedaemon{pagedaemon}
12627 root       20    0   459M  4076K select  0   1:32   0.00% lfmd
   25 root      -16    -     0K    16K .       1   1:25   0.00% ddostasks
12633 root       20    0 14192K  1756K select  1   1:21   0.00% tnp.sntpd
12638 root       20    0   490M 10052K kqread  0   1:21   0.00% mcsnoopd
   11 root      -92    -     0K   576K WAIT    0   1:14   0.00% intr{irq260: virtio_p}
12626 root       20    0   483M 15196K select  1   0:59   0.00% dfcd
   14 root      -68    -     0K   128K -       1   0:53   0.00% usb{usbus0}
    0 root      -16    0     0K   416K swapin  0   0:48   0.00% kernel{swapper}
 3452 root       20    0   463M  4432K select  1   0:45   0.00% craftd
12637 root       20    0   475M  5952K kqread  0   0:28   0.00% sflowd
12640 root       20    0   476M  5252K kqread  0   0:27   0.00% overlayd
12631 root       20    0   459M  3308K select  1   0:23   0.00% iccpd
   16 root      -16    -     0K    16K psleep  0   0:22   0.00% bufdaemon
   18 root      -16    -     0K    16K vlruwt  0   0:20   0.00% vnlru
12628 root       20    0   459M  3584K select  1   0:15   0.00% mplsoamd
 3453 root       20    0   469M 24900K select  1   0:15   0.00% mgd
 3403 root       20    0 33012K  2568K kqread  0   0:14   0.00% jlaunchd
   11 root      -64    -     0K   576K WAIT    0   0:13   0.00% intr{swi3: ipopt ip6o}
12644 root       20    0   479M 18836K select  0   0:12   0.00% dfwd
 3468 root       20    0   468M  5504K nanslp  0   0:11   0.00% sdk-vmmd{sdk-vmmd}
   11 root      -88    -     0K   576K WAIT    0   0:10   0.00% intr{irq15: ata1}
   12 root       -8    -     0K    48K -       1   0:09   0.00% geom{g_up}
 3440 root       20    0 20544K  1560K nanslp  0   0:09   0.00% cron
98109 root       20    0 60660K  4964K select  1   0:08   0.00% sshd
 3467 root       20    0   459M  3684K select  1   0:06   0.00% sdk-mgmtd
  926 root       -8    -     0K    16K mdwait  1   0:04   0.00% md11
 3447 root       20    0 14112K  1476K select  1   0:04   0.00% watchdog
   19 root      -16    -     0K    16K sleep   0   0:03   0.00% netdaemon
    0 root        8    0     0K   416K -       1   0:02   0.00% kernel{thread taskq}
   11 root      -92    -     0K   576K WAIT    0   0:01   0.00% intr{irq273: virtio_p}
   12 root       -8    -     0K    48K -       1   0:01   0.00% geom{g_down}
12624 root       20    0   460M  4616K select  1   0:01   0.00% rdd
    1 root       20    0 10372K   492K wait    0   0:01   0.00% init
  839 root       -8    -     0K    16K mdwait  1   0:01   0.00% md10
   11 root      -76    -     0K   576K WAIT    1   0:01   0.00% intr{swi0: uart uart}
  999 root       -8    -     0K    16K mdwait  0   0:01   0.00% md12
 3455 root       20    0 33336K  2376K select  1   0:00   0.00% inetd
   12 root       -8    -     0K    48K -       1   0:00   0.00% geom{g_event}
 2618 root       -8    -     0K    16K mdwait  1   0:00   0.00% md23
    4 root      -16    -     0K    32K -       0   0:00   0.00% cam{scanner}
   11 root      -52    -     0K   576K WAIT    0   0:00   0.00% intr{swi6: Giant task}
 1055 root       -8    -     0K    16K mdwait  1   0:00   0.00% md13
  208 root       -8    -     0K    16K mdwait  1   0:00   0.00% md2
  119 root       -8    -     0K    16K mdwait  1   0:00   0.00% md1
 6301 root       -8    -     0K    16K mdwait  1   0:00   0.00% md25
 1406 root       25    0 43152K 25192K select  0   0:00   0.00% cli
 1395 net        20    0 43152K 25260K select  0   0:00   0.00% cli
 1407 root       52    0   469M 25592K select  1   0:00   0.00% mgd
  476 root       -8    -     0K    16K mdwait  1   0:00   0.00% md4
   15 root      155 ki31     0K    16K pgzero  1   0:00   0.00% pagezero
   11 root      -60    -     0K   576K WAIT    1   0:00   0.00% intr{swi4: ipmismatch}
12635 root       20    0   459M  3648K select  0   0:00   0.00% datapath-traced
 1392 root       20    0 60660K  4872K select  1   0:00   0.00% sshd
48098 root       20    0 18444K  1964K ttyin   0   0:00   0.00% getty
 1372 root       -8    -     0K    16K mdwait  1   0:00   0.00% md18
    0 root      -52    0     0K   416K -       1   0:00   0.00% kernel{mca taskq}
   11 root      -72    -     0K   576K WAIT    1   0:00   0.00% intr{swi1: ipfwd}
 1316 root       -8    -     0K    16K mdwait  0   0:00   0.00% md17
  786 root       -8    -     0K    16K mdwait  1   0:00   0.00% md9
 3772 root       -8    -     0K    16K mdwait  1   0:00   0.00% md24
 1598 root       -8    -     0K    16K mdwait  1   0:00   0.00% md20
 1710 root       -8    -     0K    16K mdwait  1   0:00   0.00% md22
 1654 root       -8    -     0K    16K mdwait  1   0:00   0.00% md21
 1263 root       -8    -     0K    16K mdwait  1   0:00   0.00% md16
  700 root       -8    -     0K    16K mdwait  1   0:00   0.00% md8
12629 root       20    0   461M  4372K select  0   0:00   0.00% sendd
    5 root       -8    -     0K    16K mdwait  0   0:00   0.00% md0
 3448 root       52    0 14248K  1684K select  0   0:00   0.00% tnetd
 1202 root       -8    -     0K    16K mdwait  1   0:00   0.00% md15
 1108 root       -8    -     0K    16K mdwait  1   0:00   0.00% md14
    0 root      -92    0     0K   416K -       1   0:00   0.00% kernel{vtnet4 rxq 0}
 1588 root       72    0 25068K  2728K CPU1    1   0:00   0.00% top
  532 root       -8    -     0K    16K mdwait  1   0:00   0.00% md5
  639 root       -8    -     0K    16K mdwait  1   0:00   0.00% md7
 1402 root       27    0 20904K  2268K wait    1   0:00   0.00% sh
 1428 root       -8    -     0K    16K mdwait  1   0:00   0.00% md19
  585 root       -8    -     0K    16K mdwait  1   0:00   0.00% md6
  422 root       -8    -     0K    16K mdwait  1   0:00   0.00% md3
   22 root      -16    -     0K    16K select  0   0:00   0.00% if_pic_listen0
12448 root      -16    -     0K    16K jsr_js  0   0:00   0.00% jsr_jsm
   11 root      -92    -     0K   576K WAIT    1   0:00   0.00% intr{irq270: virtio_p}
 3395 root       52    0 26720K  1424K wait    1   0:00   0.00% jlaunchhelperd
   11 root      -92    -     0K   576K WAIT    0   0:00   0.00% intr{irq261: virtio_p}
   23 root      -16    -     0K    16K purge_  1   0:00   0.00% kern_pir_proc
    0 root        8    0     0K   416K -       0   0:00   0.00% kernel{acpi_task_0}
   11 root      -92    -     0K   576K WAIT    0   0:00   0.00% intr{irq267: igb0:lin}
   20 root      -16    -     0K    16K select  0   0:00   0.00% if_pfe_listen
12634 root       21    0   467M  6084K sigwai  1   0:00   0.00% jddosd{jddosd}
   14 root      -72    -     0K   128K -       1   0:00   0.00% usb{usbus1}
   11 root      -84    -     0K   576K WAIT    0   0:00   0.00% intr{irq1: atkbd0}
12634 root       21    0   467M  6084K uwait   0   0:00   0.00% jddosd{jddosd}
    0 root        8    0     0K   416K -       0   0:00   0.00% kernel{mastership taskq}
 2742 root      -16    -     0K    16K ftcl    0   0:00   0.00% ftcleanup
    2 root      -16    -     0K    16K crypto  0   0:00   0.00% crypto
   21 root      -16    -     0K    16K condsl  0   0:00   0.00% delayedexecd
    0 root      -92    0     0K   416K -       0   0:00   0.00% kernel{vtnet0 rxq 0}
    0 root       -8    0     0K   416K -       0   0:00   0.00% kernel{CAM taskq}
    7 root      -16    -     0K    16K dump_r  0   0:00   0.00% kern_dump_proc
   14 root      -68    -     0K   128K -       0   0:00   0.00% usb{usbus0}
    0 root      -100    0     0K   416K -       1   0:00   0.00% kernel{system_taskq_1}
    0 root        8    0     0K   416K -       0   0:00   0.00% kernel{ffs_trim taskq}
    0 root        8    0     0K   416K -       0   0:00   0.00% kernel{acpi_task_2}
    0 root        8    0     0K   416K -       0   0:00   0.00% kernel{acpi_task_1}
    0 root      -16    0     0K   416K -       0   0:00   0.00% kernel{dtrace_taskq}
    8 root      -16    -     0K    32K umarcl  1   0:00   0.00% pagedaemon{uma}
    9 root      -16    -     0K    16K psleep  0   0:00   0.00% vmdaemon
    3 root      -16    -     0K    16K crypto  0   0:00   0.00% crypto returns
   14 root      -68    -     0K   128K -       0   0:00   0.00% usb{usbus0}
   14 root      -68    -     0K   128K -       0   0:00   0.00% usb{usbus1}
   14 root      -72    -     0K   128K -       0   0:00   0.00% usb{usbus0}
    0 root      -92    0     0K   416K -       0   0:00   0.00% kernel{vtnet2 txq 0}
    0 root      -92    0     0K   416K -       0   0:00   0.00% kernel{vtnet4 txq 0}
    0 root      -92    0     0K   416K -       0   0:00   0.00% kernel{vtnet3 txq 0}
    0 root      -92    0     0K   416K -       0   0:00   0.00% kernel{vtnet3 rxq 0}
    0 root      -92    0     0K   416K -       0   0:00   0.00% kernel{igb0 que}
    0 root      -92    0     0K   416K -       0   0:00   0.00% kernel{igb0 que}
    0 root      -92    0     0K   416K -       0   0:00   0.00% kernel{vtnet2 rxq 0}
    0 root      -92    0     0K   416K -       0   0:00   0.00% kernel{vtnet1 txq 0}
    0 root      -92    0     0K   416K -       0   0:00   0.00% kernel{vtnet1 rxq 0}
    0 root      -92    0     0K   416K -       0   0:00   0.00% kernel{vtnet0 txq 0}
    0 root      -100    0     0K   416K -       0   0:00   0.00% kernel{system_taskq_0}
   11 root      -52    -     0K   576K WAIT    0   0:00   0.00% intr{swi6: task queue}
   11 root      -56    -     0K   576K WAIT    0   0:00   0.00% intr{swi5: fast taskq}
   11 root      -64    -     0K   576K WAIT    0   0:00   0.00% intr{swi3: vm}
   11 root      -84    -     0K   576K WAIT    0   0:00   0.00% intr{irq4: uart0}
   11 root      -88    -     0K   576K WAIT    0   0:00   0.00% intr{irq11: uhci0}
   11 root      -92    -     0K   576K WAIT    0   0:00   0.00% intr{irq271: virtio_p}
   11 root      -92    -     0K   576K WAIT    0   0:00   0.00% intr{irq264: virtio_p}
   11 root      -92    -     0K   576K WAIT    0   0:00   0.00% intr{irq263: virtio_p}
   11 root      -92    -     0K   576K WAIT    0   0:00   0.00% intr{irq257: virtio_p}
   11 root      -92    -     0K   576K WAIT    0   0:00   0.00% intr{irq256: virtio_p}
   11 root      -92    -     0K   576K WAIT    0   0:00   0.00% intr{irq258: virtio_p}
   11 root      -92    -     0K   576K WAIT    0   0:00   0.00% intr{irq259: virtio_p}
   11 root      -92    -     0K   576K WAIT    0   0:00   0.00% intr{irq268: virtio_p}
   11 root      -92    -     0K   576K WAIT    0   0:00   0.00% intr{irq262: virtio_p}



root@core1.vzh> show pfe statistics error


Slot 0


PEChip Errors: 6
--------------
PEChip 0
IGP errs received from IQM/DBM : 0

PEChip 1
IGP errs received from IQM/DBM : 0

PEChip 2
IGP errs received from IQM/DBM : 0

PEChip 3
IGP errs received from IQM/DBM : 0

PEChip 4
IGP errs received from IQM/DBM : 0

PEChip 5
IGP errs received from IQM/DBM : 0


Slot 1


PEChip Errors: 6
--------------
PEChip 0
IGP errs received from IQM/DBM : 0

PEChip 1
IGP errs received from IQM/DBM : 0

PEChip 2
IGP errs received from IQM/DBM : 0

PEChip 3
IGP errs received from IQM/DBM : 0

PEChip 4
IGP errs received from IQM/DBM : 0

PEChip 5
IGP errs received from IQM/DBM : 0


Slot 2


PEChip Errors: 3
--------------
PEChip 0
IGP errs received from IQM/DBM : 0

PEChip 1
IGP errs received from IQM/DBM : 0

PEChip 2
IGP errs received from IQM/DBM : 0


Slot 3


PEChip Errors: 3
--------------
PEChip 0
IGP errs received from IQM/DBM : 0

PEChip 1
IGP errs received from IQM/DBM : 0

PEChip 2
IGP errs received from IQM/DBM : 0


Slot 4


PEChip Errors: 3
--------------
PEChip 0
IGP errs received from IQM/DBM : 0

PEChip 1
IGP errs received from IQM/DBM : 0

PEChip 2
IGP errs received from IQM/DBM : 0


Slot 5


PEChip Errors: 3
--------------
PEChip 0
IGP errs received from IQM/DBM : 0

PEChip 1
IGP errs received from IQM/DBM : 0

PEChip 2
IGP errs received from IQM/DBM : 0


Slot 6


PEChip Errors: 3
--------------
PEChip 0
IGP errs received from IQM/DBM : 0

PEChip 1
IGP errs received from IQM/DBM : 0

PEChip 2
IGP errs received from IQM/DBM : 0


Slot 7


PEChip Errors: 3
--------------
PEChip 0
IGP errs received from IQM/DBM : 0

PEChip 1
IGP errs received from IQM/DBM : 0

PEChip 2
IGP errs received from IQM/DBM : 0



root@core1.vzh> show pfe statistics traffic

Packet Forwarding Engine traffic statistics:
    Input  packets:       15886021293322              3202681 pps
    Output packets:       15887508385147              3559584 pps
Packet Forwarding Engine local traffic statistics:
    Local packets input                 :             85704170
    Local packets output                :            294110165
    Software input control plane drops  :                    0
    Software input high drops           :                    0
    Software input medium drops         :                    0
    Software input low drops            :                    0
    Software output drops               :                    0
    Hardware input drops                :                    0
Packet Forwarding Engine local protocol statistics:
    HDLC keepalives            :                    0
    ATM OAM                    :                    0
    Frame Relay LMI            :                    0
    PPP LCP/NCP                :                    0
    OSPF hello                 :                    0
    OSPF3 hello                :                    0
    RSVP hello                 :                    0
    LDP hello                  :                    0
    BFD                        :                   67
    IS-IS IIH                  :                    0
    LACP                       :            151396961
    ARP                        :               930655
    ETHER OAM                  :                    0
    Unknown                    :                    0
Packet Forwarding Engine hardware discard statistics:
    Timeout                    :                    0
    Truncated key              :                    0
    Bits to test               :                    0
    Data error                 :                  137
    Stack underflow            :                    0
    Stack overflow             :                    0
    Normal discard             :            250885469
    Extended discard           :              1118894
    Invalid interface          :                    0
    Info cell drops            :                    0
    Fabric drops               :                    0
Packet Forwarding Engine Input IPv4 Header Checksum Error and Output MTU Error statistics:
    Input Checksum             :                    0
    Output MTU                 :                    0


root@core1.vzh> show chassis routing-engine no-forwarding

Routing Engine status:
  Slot 0:
    Current state                  Master
    Temperature                 34 degrees C / 93 degrees F
    DRAM                      11683 MB (12288 MB installed)
    Memory utilization          12 percent
    5 sec CPU utilization:
      User                       6 percent
      Background                 0 percent
      Kernel                     8 percent
      Interrupt                  4 percent
      Idle                      82 percent
    1 min CPU utilization:
      User                       1 percent
      Background                 0 percent
      Kernel                     4 percent
      Interrupt                  4 percent
      Idle                      91 percent
    5 min CPU utilization:
      User                       1 percent
      Background                 0 percent
      Kernel                     4 percent
      Interrupt                  4 percent
      Idle                      91 percent
    15 min CPU utilization:
      User                       1 percent
      Background                 0 percent
      Kernel                     4 percent
      Interrupt                  3 percent
      Idle                      91 percent
    Model                          RE-QFX10008
    Serial ID                      ACNV4607
    Start time                     2017-05-16 16:42:27 UTC
    Uptime                         55 days, 4 hours, 22 minutes, 22 seconds
    Last reboot reason             0x2000:hypervisor reboot
    Load averages:                 1 minute   5 minute  15 minute
                                       1.54       0.98       0.75
Routing Engine status:
  Slot 1:
    Current state                  Backup
    Temperature                 34 degrees C / 93 degrees F
    DRAM                      11683 MB (12288 MB installed)
    Memory utilization          16 percent
    5 sec CPU utilization:
      User                       1 percent
      Background                 0 percent
      Kernel                     1 percent
      Interrupt                  1 percent
      Idle                      97 percent
    Model                          RE-QFX10008
    Serial ID                      ACNR7255
    Start time                     2017-05-16 16:20:09 UTC
    Uptime                         55 days, 4 hours, 44 minutes, 31 seconds
    Last reboot reason             0x2000:hypervisor reboot
    Load averages:                 1 minute   5 minute  15 minute
                                       0.18       0.17       0.16


root@core1.vzh> show chassis environment no-forwarding

Class Item                           Status     Measurement
      Routing Engine 0 CPU           OK         34 degrees C / 93 degrees F
      Routing Engine 1 CPU           OK         34 degrees C / 93 degrees F
Temp  CB 0 Intake Temp Sensor        OK         21 degrees C / 69 degrees F
      CB 0 Exhaust Temp Sensor       OK         26 degrees C / 78 degrees F
      CB 1 Intake Temp Sensor        OK         22 degrees C / 71 degrees F
      CB 1 Exhaust Temp Sensor       OK         26 degrees C / 78 degrees F
      FPC 0 Intake-A Temp Sensor     OK         31 degrees C / 87 degrees F
      FPC 0 Intake-B Temp Sensor     OK         23 degrees C / 73 degrees F
      FPC 0 Exhaust-A Temp Sensor    OK         42 degrees C / 107 degrees F
      FPC 0 Exhaust-B Temp Sensor    OK         42 degrees C / 107 degrees F
      FPC 0 Exhaust-C Temp Sensor    OK         47 degrees C / 116 degrees F
      FPC 0 PE0 Temp Sensor          OK         47 degrees C / 116 degrees F
      FPC 0 PE1 Temp Sensor          OK         48 degrees C / 118 degrees F
      FPC 0 PE2 Temp Sensor          OK         38 degrees C / 100 degrees F
      FPC 0 PE3 Temp Sensor          OK         46 degrees C / 114 degrees F
      FPC 0 PE4 Temp Sensor          OK         36 degrees C / 96 degrees F
      FPC 0 PE5 Temp Sensor          OK         48 degrees C / 118 degrees F
      FPC 0 LCPU Temp Sensor         OK         38 degrees C / 100 degrees F
      FPC 1 Intake-A Temp Sensor     OK         31 degrees C / 87 degrees F
      FPC 1 Intake-B Temp Sensor     OK         23 degrees C / 73 degrees F
      FPC 1 Exhaust-A Temp Sensor    OK         41 degrees C / 105 degrees F
      FPC 1 Exhaust-B Temp Sensor    OK         42 degrees C / 107 degrees F
      FPC 1 Exhaust-C Temp Sensor    OK         47 degrees C / 116 degrees F
      FPC 1 PE0 Temp Sensor          OK         39 degrees C / 102 degrees F
      FPC 1 PE1 Temp Sensor          OK         46 degrees C / 114 degrees F
      FPC 1 PE2 Temp Sensor          OK         38 degrees C / 100 degrees F
      FPC 1 PE3 Temp Sensor          OK         45 degrees C / 113 degrees F
      FPC 1 PE4 Temp Sensor          OK         37 degrees C / 98 degrees F
      FPC 1 PE5 Temp Sensor          OK         47 degrees C / 116 degrees F
      FPC 1 LCPU Temp Sensor         OK         37 degrees C / 98 degrees F
      FPC 2 Intake-A Temp Sensor     OK         28 degrees C / 82 degrees F
      FPC 2 Intake-B Temp Sensor     OK         27 degrees C / 80 degrees F
      FPC 2 Exhaust-A Temp Sensor    OK         33 degrees C / 91 degrees F
      FPC 2 Exhaust-B Temp Sensor    OK         32 degrees C / 89 degrees F
      FPC 2 Exhaust-C Temp Sensor    OK         34 degrees C / 93 degrees F
      FPC 2 PE0 Temp Sensor          OK         37 degrees C / 98 degrees F
      FPC 2 PE1 Temp Sensor          OK         36 degrees C / 96 degrees F
      FPC 2 PE2 Temp Sensor          OK         36 degrees C / 96 degrees F
      FPC 2 LCPU Temp Sensor         OK         31 degrees C / 87 degrees F
      FPC 3 Intake-A Temp Sensor     OK         28 degrees C / 82 degrees F
      FPC 3 Intake-B Temp Sensor     OK         27 degrees C / 80 degrees F
      FPC 3 Exhaust-A Temp Sensor    OK         32 degrees C / 89 degrees F
      FPC 3 Exhaust-B Temp Sensor    OK         30 degrees C / 86 degrees F
      FPC 3 Exhaust-C Temp Sensor    OK         33 degrees C / 91 degrees F
      FPC 3 PE0 Temp Sensor          OK         37 degrees C / 98 degrees F
      FPC 3 PE1 Temp Sensor          OK         35 degrees C / 95 degrees F
      FPC 3 PE2 Temp Sensor          OK         36 degrees C / 96 degrees F
      FPC 3 LCPU Temp Sensor         OK         31 degrees C / 87 degrees F
      FPC 4 Intake-A Temp Sensor     OK         28 degrees C / 82 degrees F
      FPC 4 Intake-B Temp Sensor     OK         27 degrees C / 80 degrees F
      FPC 4 Exhaust-A Temp Sensor    OK         32 degrees C / 89 degrees F
      FPC 4 Exhaust-B Temp Sensor    OK         32 degrees C / 89 degrees F
      FPC 4 Exhaust-C Temp Sensor    OK         34 degrees C / 93 degrees F
      FPC 4 PE0 Temp Sensor          OK         37 degrees C / 98 degrees F
      FPC 4 PE1 Temp Sensor          OK         36 degrees C / 96 degrees F
      FPC 4 PE2 Temp Sensor          OK         38 degrees C / 100 degrees F
      FPC 4 LCPU Temp Sensor         OK         31 degrees C / 87 degrees F
      FPC 5 Intake-A Temp Sensor     OK         29 degrees C / 84 degrees F
      FPC 5 Intake-B Temp Sensor     OK         27 degrees C / 80 degrees F
      FPC 5 Exhaust-A Temp Sensor    OK         32 degrees C / 89 degrees F
      FPC 5 Exhaust-B Temp Sensor    OK         33 degrees C / 91 degrees F
      FPC 5 Exhaust-C Temp Sensor    OK         35 degrees C / 95 degrees F
      FPC 5 PE0 Temp Sensor          OK         37 degrees C / 98 degrees F
      FPC 5 PE1 Temp Sensor          OK         37 degrees C / 98 degrees F
      FPC 5 PE2 Temp Sensor          OK         37 degrees C / 98 degrees F
      FPC 5 LCPU Temp Sensor         OK         32 degrees C / 89 degrees F
      FPC 6 Intake-A Temp Sensor     OK         29 degrees C / 84 degrees F
      FPC 6 Intake-B Temp Sensor     OK         27 degrees C / 80 degrees F
      FPC 6 Exhaust-A Temp Sensor    OK         32 degrees C / 89 degrees F
      FPC 6 Exhaust-B Temp Sensor    OK         32 degrees C / 89 degrees F
      FPC 6 Exhaust-C Temp Sensor    OK         34 degrees C / 93 degrees F
      FPC 6 PE0 Temp Sensor          OK         37 degrees C / 98 degrees F
      FPC 6 PE1 Temp Sensor          OK         36 degrees C / 96 degrees F
      FPC 6 PE2 Temp Sensor          OK         37 degrees C / 98 degrees F
      FPC 6 LCPU Temp Sensor         OK         31 degrees C / 87 degrees F
      FPC 7 Intake-A Temp Sensor     OK         29 degrees C / 84 degrees F
      FPC 7 Intake-B Temp Sensor     OK         27 degrees C / 80 degrees F
      FPC 7 Exhaust-A Temp Sensor    OK         32 degrees C / 89 degrees F
      FPC 7 Exhaust-B Temp Sensor    OK         32 degrees C / 89 degrees F
      FPC 7 Exhaust-C Temp Sensor    OK         35 degrees C / 95 degrees F
      FPC 7 PE0 Temp Sensor          OK         37 degrees C / 98 degrees F
      FPC 7 PE1 Temp Sensor          OK         36 degrees C / 96 degrees F
      FPC 7 PE2 Temp Sensor          OK         37 degrees C / 98 degrees F
      FPC 7 LCPU Temp Sensor         OK         32 degrees C / 89 degrees F
      SIB 0 Intake-A Temp Sensor     OK         34 degrees C / 93 degrees F
      SIB 0 Intake-B Temp Sensor     OK         30 degrees C / 86 degrees F
      SIB 0 Exhaust-A Temp Sensor    OK         39 degrees C / 102 degrees F
      SIB 0 Exhaust-B Temp Sensor    OK         38 degrees C / 100 degrees F
      SIB 0 PF0 Temp Sensor          OK         47 degrees C / 116 degrees F
      SIB 0 PF1 Temp Sensor          OK         47 degrees C / 116 degrees F
      SIB 1 Intake-A Temp Sensor     OK         37 degrees C / 98 degrees F
      SIB 1 Intake-B Temp Sensor     OK         31 degrees C / 87 degrees F
      SIB 1 Exhaust-A Temp Sensor    OK         39 degrees C / 102 degrees F
      SIB 1 Exhaust-B Temp Sensor    OK         40 degrees C / 104 degrees F
      SIB 1 PF0 Temp Sensor          OK         47 degrees C / 116 degrees F
      SIB 1 PF1 Temp Sensor          OK         45 degrees C / 113 degrees F
      SIB 2 Intake-A Temp Sensor     OK         35 degrees C / 95 degrees F
      SIB 2 Intake-B Temp Sensor     OK         31 degrees C / 87 degrees F
      SIB 2 Exhaust-A Temp Sensor    OK         39 degrees C / 102 degrees F
      SIB 2 Exhaust-B Temp Sensor    OK         39 degrees C / 102 degrees F
      SIB 2 PF0 Temp Sensor          OK         47 degrees C / 116 degrees F
      SIB 2 PF1 Temp Sensor          OK         47 degrees C / 116 degrees F
      SIB 3 Intake-A Temp Sensor     OK         35 degrees C / 95 degrees F
      SIB 3 Intake-B Temp Sensor     OK         30 degrees C / 86 degrees F
      SIB 3 Exhaust-A Temp Sensor    OK         38 degrees C / 100 degrees F
      SIB 3 Exhaust-B Temp Sensor    OK         39 degrees C / 102 degrees F
      SIB 3 PF0 Temp Sensor          OK         46 degrees C / 114 degrees F
      SIB 3 PF1 Temp Sensor          OK         46 degrees C / 114 degrees F
      SIB 4 Intake-A Temp Sensor     OK         36 degrees C / 96 degrees F
      SIB 4 Intake-B Temp Sensor     OK         31 degrees C / 87 degrees F
      SIB 4 Exhaust-A Temp Sensor    OK         39 degrees C / 102 degrees F
      SIB 4 Exhaust-B Temp Sensor    OK         40 degrees C / 104 degrees F
      SIB 4 PF0 Temp Sensor          OK         48 degrees C / 118 degrees F
      SIB 4 PF1 Temp Sensor          OK         46 degrees C / 114 degrees F
      SIB 5 Intake-A Temp Sensor     OK         32 degrees C / 89 degrees F
      SIB 5 Intake-B Temp Sensor     OK         28 degrees C / 82 degrees F
      SIB 5 Exhaust-A Temp Sensor    OK         36 degrees C / 96 degrees F
      SIB 5 Exhaust-B Temp Sensor    OK         36 degrees C / 96 degrees F
      SIB 5 PF0 Temp Sensor          OK         42 degrees C / 107 degrees F
      SIB 5 PF1 Temp Sensor          OK         41 degrees C / 105 degrees F
Power Power Supply 0                 OK
      Power Supply 1                 OK
      Power Supply 2                 OK
      Power Supply 3                 OK
      Power Supply 4                 OK
      Power Supply 5                 OK
Fans  Fan Tray 0 Fan 0               OK         Spinning at normal speed
      Fan Tray 0 Fan 1               OK         Spinning at normal speed
      Fan Tray 0 Fan 2               OK         Spinning at normal speed
      Fan Tray 0 Fan 3               OK         Spinning at normal speed
      Fan Tray 0 Fan 4               OK         Spinning at normal speed
      Fan Tray 0 Fan 5               OK         Spinning at normal speed
      Fan Tray 0 Fan 6               OK         Spinning at normal speed
      Fan Tray 0 Fan 7               OK         Spinning at normal speed
      Fan Tray 0 Fan 8               OK         Spinning at normal speed
      Fan Tray 0 Fan 9               OK         Spinning at normal speed
      Fan Tray 0 Fan 10              OK         Spinning at normal speed
      Fan Tray 1 Fan 0               OK         Spinning at normal speed
      Fan Tray 1 Fan 1               OK         Spinning at normal speed
      Fan Tray 1 Fan 2               OK         Spinning at normal speed
      Fan Tray 1 Fan 3               OK         Spinning at normal speed
      Fan Tray 1 Fan 4               OK         Spinning at normal speed
      Fan Tray 1 Fan 5               OK         Spinning at normal speed
      Fan Tray 1 Fan 6               OK         Spinning at normal speed
      Fan Tray 1 Fan 7               OK         Spinning at normal speed
      Fan Tray 1 Fan 8               OK         Spinning at normal speed
      Fan Tray 1 Fan 9               OK         Spinning at normal speed
      Fan Tray 1 Fan 10              OK         Spinning at normal speed


root@core1.vzh> show chassis firmware no-forwarding

Part                     Type       Version
RE 0                     PRI BIOS   QFXS_SFP_00.31_01.01
                         GDN BIOS   QFXS_SFP_00.31_01.01
                         FPGA       2.3
                         RE-FPGA    3.2
RE 1                     PRI BIOS   QFXS_SFP_00.31_01.01
                         GDN BIOS   QFXS_SFP_00.31_01.01
                         FPGA       2.3
                         RE-FPGA    3.2
FPC 0                    U-Boot     Bank A: U-Boot 2011.12-gfbea47a (Feb 26 2016 - 22:56:52)
                         CTRL FPGA  3.1
                         PORT FPGA  2.0
FPC 1                    U-Boot     Bank A: U-Boot 2011.12-gfbea47a (Feb 26 2016 - 22:56:52)
                         CTRL FPGA  3.1
                         PORT FPGA  2.0
FPC 2                    U-Boot     Bank A: U-Boot 2011.12-gfbea47a (Feb 26 2016 - 22:56:52)
                         CTRL FPGA  4.1
                         PORT FPGA  2.0
FPC 3                    U-Boot     Bank A: U-Boot 2011.12-gfbea47a (Feb 26 2016 - 22:56:52)
                         CTRL FPGA  4.1
                         PORT FPGA  2.0
FPC 4                    U-Boot     Bank A: U-Boot 2011.12-gfbea47a (Feb 26 2016 - 22:56:52)
                         CTRL FPGA  4.1
                         PORT FPGA  2.0
FPC 5                    U-Boot     Bank A: U-Boot 2011.12-gfbea47a (Feb 26 2016 - 22:56:52)
                         CTRL FPGA  4.1
                         PORT FPGA  2.0
FPC 6                    U-Boot     Bank A: U-Boot 2011.12-gfbea47a (Feb 26 2016 - 22:56:52)
                         CTRL FPGA  4.1
                         PORT FPGA  2.0
FPC 7                    U-Boot     Bank A: U-Boot 2011.12-gfbea47a (Feb 26 2016 - 22:56:52)
                         CTRL FPGA  4.1
                         PORT FPGA  2.0
FPM                      FPGA       1.9
FTC 0                    FPGA       2.0
FTC 1                    FPGA       2.0
SIB 0                    FPGA       3.0
SIB 1                    FPGA       3.0
SIB 2                    FPGA       3.0
SIB 3                    FPGA       3.0
SIB 4                    FPGA       3.0
SIB 5                    FPGA       3.0


root@core1.vzh> show vrrp summary

warning: vrrp subsystem not running - not needed by configuration.


root@core1.vzh> show chassis fpc detail

Slot 0 information:
  State                               Online
  Total CPU DRAM                 1953 MB
  Start time                          2017-05-16 16:24:38 UTC
  Uptime                              55 days, 4 hours, 40 minutes, 12 seconds
  Max Power Consumption          1150 Watts
Slot 1 information:
  State                               Online
  Total CPU DRAM                 1953 MB
  Start time                          2017-05-16 16:24:59 UTC
  Uptime                              55 days, 4 hours, 39 minutes, 51 seconds
  Max Power Consumption          1150 Watts
Slot 2 information:
  State                               Online
  Total CPU DRAM                 1953 MB
  Start time                          2017-05-16 16:24:48 UTC
  Uptime                              55 days, 4 hours, 40 minutes, 2 seconds
  Max Power Consumption           675 Watts
Slot 3 information:
  State                               Online
  Total CPU DRAM                 1953 MB
  Start time                          2017-05-16 16:24:52 UTC
  Uptime                              55 days, 4 hours, 39 minutes, 58 seconds
  Max Power Consumption           675 Watts
Slot 4 information:
  State                               Online
  Total CPU DRAM                 1953 MB
  Start time                          2017-05-16 16:25:03 UTC
  Uptime                              55 days, 4 hours, 39 minutes, 47 seconds
  Max Power Consumption           675 Watts
Slot 5 information:
  State                               Online
  Total CPU DRAM                 1953 MB
  Start time                          2017-05-16 16:25:03 UTC
  Uptime                              55 days, 4 hours, 39 minutes, 47 seconds
  Max Power Consumption           675 Watts
Slot 6 information:
  State                               Online
  Total CPU DRAM                 1953 MB
  Start time                          2017-05-16 16:25:09 UTC
  Uptime                              55 days, 4 hours, 39 minutes, 41 seconds
  Max Power Consumption           675 Watts
Slot 7 information:
  State                               Online
  Total CPU DRAM                 1953 MB
  Start time                          2017-05-16 16:25:22 UTC
  Uptime                              55 days, 4 hours, 39 minutes, 28 seconds
  Max Power Consumption           675 Watts


root@core1.vzh> test chassis routing-engine fpc-connectivity re-slot 0 fpc all

FPC 0 is reachable from RE slot 0
FPC 1 is reachable from RE slot 0
FPC 2 is reachable from RE slot 0
FPC 3 is reachable from RE slot 0
FPC 4 is reachable from RE slot 0
FPC 5 is reachable from RE slot 0
FPC 6 is reachable from RE slot 0
FPC 7 is reachable from RE slot 0


root@core1.vzh> test chassis routing-engine fpc-connectivity re-slot 1 fpc all

FPC 0 is reachable from RE slot 1
FPC 1 is reachable from RE slot 1
FPC 2 is reachable from RE slot 1
FPC 3 is reachable from RE slot 1
FPC 4 is reachable from RE slot 1
FPC 5 is reachable from RE slot 1
FPC 6 is reachable from RE slot 1
FPC 7 is reachable from RE slot 1


root@core1.vzh> show system boot-messages  no-forwarding

Copyright (c) 1992-2015 The FreeBSD Project.
Copyright (c) 1979, 1980, 1983, 1986, 1988, 1989, 1991, 1992, 1993, 1994
	The Regents of the University of California. All rights reserved.
FreeBSD is a registered trademark of The FreeBSD Foundation.
FreeBSD JNPR-10.1-20160825.336113_builder_stable_10-331042 #0: Thu Aug 25 03:45:57 PDT 2016
    builder@basith.juniper.net:/volume/build/junos/occam/freebsd/stable_10-331042/20160825.builder.336113/obj/amd64/juniper/kernels/JNPR-AMD64-PRD/kernel amd64
gcc version 4.2.1 (for JUNOS)
VT: running with driver "vga".
can't re-use a leaf (mastership_keepalive)!
CPU: Intel Xeon E312xx (Sandy Bridge) (2500.06-MHz K8-class CPU)
  Origin="GenuineIntel"  Id=0x206a1  Family=0x6  Model=0x2a  Stepping=1
  Features=0x783fbfd<FPU,DE,PSE,TSC,MSR,PAE,MCE,CX8,APIC,SEP,MTRR,PGE,MCA,CMOV,PAT,PSE36,MMX,FXSR,SSE,SSE2>
  Features2=0x9fb82203<SSE3,PCLMULQDQ,SSSE3,CX16,SSE4.1,SSE4.2,x2APIC,POPCNT,TSCDLT,AESNI,XSAVE,OSXSAVE,AVX,HV>
  AMD Features=0x28100800<SYSCALL,NX,RDTSCP,LM>
  AMD Features2=0x1<LAHF>
  XSAVE Features=0x1<XSAVEOPT>
  TSC: P-state invariant
Hypervisor: Origin = "KVMKVMKVM"
real memory  = 12288262144 (11719 MB)
avail memory = 11835285504 (11287 MB)
Event timer "LAPIC" quality 400
ACPI APIC Table: <BOCHS  BXPCAPIC>
addr found @ 0x800f0c60
Fast boot:0

Serial Number: ACNV4607
Product Name: PviModel
Version: pc-i440fx-2.2
Board Version: 0TVP: Model Name read from HostOS is qfx10008
FreeBSD/SMP: Multiprocessor System Detected: 2 CPUs
FreeBSD/SMP: 2 package(s) x 1 core(s)
 cpu0 (BSP): APIC ID:  0
 cpu1 (AP): APIC ID:  1
Security policy loaded: JUNOS MAC/privcheck (mac_privcheck)
Security policy loaded: Junos MAC/fips (mac_fips)
Security policy loaded: Junos MAC/SDK (mac_sdk)
Security policy loaded: MAC/veriexec (mac_veriexec)
MAC/veriexec fingerprint module loaded: SHA256
MAC/veriexec fingerprint module loaded: SHA1
ioapic0 <Version 1.1> irqs 0-23 on motherboard
netisr_init: !debug_mpsafenet, forcing maxthreads from 2 to 1
random: <Software, Yarrow> initialized
pcidev module loaded, 0 (null)
fpga driver loaded, 0 (null)
Initializing Kernel PVIDB.
Initializing DCF X86 platform properties ..
rts_sysconf_ifstate_init: registerd rtcb osd: slotid 2
Calling dcf_prds_hw_init for platform hw vecs initialization
ofwbus0: <Open Firmware Device Tree> on motherboard
fdtio0: <FDT I/O port space> on ofwbus0
fpga0: <RE system controller> port 0x191-0x198 on fdtio0
cryptosoft0: <software crypto> on motherboard
acpi0: <BOCHS BXPCRSDT> on motherboard
acpi0: Power Button (fixed)
cpu0: <ACPI CPU> on acpi0
cpu1: <ACPI CPU> on acpi0
atrtc0: <AT realtime clock> port 0x70-0x71,0x72-0x77 irq 8 on acpi0
Event timer "RTC" frequency 32768 Hz quality 0
hpet0: <High Precision Event Timer> iomem 0xfed00000-0xfed003ff on acpi0
Timecounter "HPET" frequency 100000000 Hz quality 950
Timecounter "ACPI-fast" frequency 3579545 Hz quality 900
acpi_timer0: <24-bit timer at 3.579545MHz> port 0x608-0x60b on acpi0
pcib0: <ACPI Host-PCI bridge> port 0xcf8-0xcff on acpi0
pci0: <ACPI PCI bus> on pcib0
isab0: <PCI-ISA bridge> at device 1.0 on pci0
isa0: <ISA bus> on isab0
atapci0: <Intel PIIX3 WDMA2 controller> port 0x1f0-0x1f7,0x3f6,0x170-0x177,0x376,0xc140-0xc14f at device 1.1 on pci0
ata0: <ATA channel> at channel 0 on atapci0
ata1: <ATA channel> at channel 1 on atapci0
uhci0: <Intel 82371SB (PIIX3) USB controller> port 0xc080-0xc09f irq 11 at device 1.2 on pci0
usbus0: controller did not stop
usbus0 on uhci0
smb0: <Intel 82371AB SMB controller> irq 9 at device 1.3 on pci0
fxcb_fpga0: <FXCB FPGA> mem 0xfe900000-0xfe9fffff irq 10 at device 2.0 on pci0
fxcb_fpga0: fxcb_fpga: registers at 0xfffff800fe900000
virtio_pci0: <VirtIO PCI Network adapter> port 0xc0a0-0xc0bf mem 0xfeb64000-0xfeb64fff irq 11 at device 3.0 on pci0
vtnet0: <VirtIO Networking Adapter> on virtio_pci0
virtio_pci0: host features: 0x79bfffe7 <EventIdx,RingIndirect,0x8000000,NotifyOnEmpty,SetMacAddress,GuestAnnounce,RxModeExtra,VLanFilter,RxMode,ControlVq,Status,MrgRxBuf,TxUFO,TxTSOECN,TxTSOv6,TxTSOv4,RxUFO,RxECN,RxTSOv6,RxTSOv4,TxAllGSO,MacAddress,0x4,RxChecksum,TxChecksum>
virtio_pci0: negotiated features: 0x308f8020 <EventIdx,RingIndirect,SetMacAddress,VLanFilter,RxMode,ControlVq,Status,MrgRxBuf,MacAddress>
virtio_pci1: <VirtIO PCI Network adapter> port 0xc0c0-0xc0df mem 0xfeb65000-0xfeb65fff irq 11 at device 4.0 on pci0
vtnet1: <VirtIO Networking Adapter> on virtio_pci1
virtio_pci1: host features: 0x79bfffe7 <EventIdx,RingIndirect,0x8000000,NotifyOnEmpty,SetMacAddress,GuestAnnounce,RxModeExtra,VLanFilter,RxMode,ControlVq,Status,MrgRxBuf,TxUFO,TxTSOECN,TxTSOv6,TxTSOv4,RxUFO,RxECN,RxTSOv6,RxTSOv4,TxAllGSO,MacAddress,0x4,RxChecksum,TxChecksum>
virtio_pci1: negotiated features: 0x308f8020 <EventIdx,RingIndirect,SetMacAddress,VLanFilter,RxMode,ControlVq,Status,MrgRxBuf,MacAddress>
virtio_pci2: <VirtIO PCI Network adapter> port 0xc0e0-0xc0ff mem 0xfeb66000-0xfeb66fff irq 10 at device 5.0 on pci0
vtnet2: <VirtIO Networking Adapter> on virtio_pci2
virtio_pci2: host features: 0x79bfffe7 <EventIdx,RingIndirect,0x8000000,NotifyOnEmpty,SetMacAddress,GuestAnnounce,RxModeExtra,VLanFilter,RxMode,ControlVq,Status,MrgRxBuf,TxUFO,TxTSOECN,TxTSOv6,TxTSOv4,RxUFO,RxECN,RxTSOv6,RxTSOv4,TxAllGSO,MacAddress,0x4,RxChecksum,TxChecksum>
virtio_pci2: negotiated features: 0x308f8020 <EventIdx,RingIndirect,SetMacAddress,VLanFilter,RxMode,ControlVq,Status,MrgRxBuf,MacAddress>
ehci0: <EHCI (generic) USB 2.0 controller> mem 0xfeb67000-0xfeb673ff irq 10 at device 6.0 on pci0
usbus1: EHCI version 1.0
usbus1 on ehci0
igb0: <Intel(R) PRO/1000 Network Connection version - 2.4.0> port 0xc000-0xc07f mem 0xfeb40000-0xfeb5ffff,0xfeb60000-0xfeb63fff irq 11 at device 7.0 on pci0
igb0: Using MSIX interrupts with 3 vectors
igb0: Bound queue 0 to cpu 0
igb0: Bound queue 1 to cpu 1
virtio_pci3: <VirtIO PCI Network adapter> port 0xc100-0xc11f mem 0xfeb68000-0xfeb68fff irq 11 at device 8.0 on pci0
vtnet3: <VirtIO Networking Adapter> on virtio_pci3
virtio_pci3: host features: 0x79bfffe7 <EventIdx,RingIndirect,0x8000000,NotifyOnEmpty,SetMacAddress,GuestAnnounce,RxModeExtra,VLanFilter,RxMode,ControlVq,Status,MrgRxBuf,TxUFO,TxTSOECN,TxTSOv6,TxTSOv4,RxUFO,RxECN,RxTSOv6,RxTSOv4,TxAllGSO,MacAddress,0x4,RxChecksum,TxChecksum>
virtio_pci3: negotiated features: 0x308f8020 <EventIdx,RingIndirect,SetMacAddress,VLanFilter,RxMode,ControlVq,Status,MrgRxBuf,MacAddress>
virtio_pci4: <VirtIO PCI Network adapter> port 0xc120-0xc13f mem 0xfeb69000-0xfeb69fff irq 11 at device 16.0 on pci0
vtnet4: <VirtIO Networking Adapter> on virtio_pci4
virtio_pci4: host features: 0x79bfffe7 <EventIdx,RingIndirect,0x8000000,NotifyOnEmpty,SetMacAddress,GuestAnnounce,RxModeExtra,VLanFilter,RxMode,ControlVq,Status,MrgRxBuf,TxUFO,TxTSOECN,TxTSOv6,TxTSOv4,RxUFO,RxECN,RxTSOv6,RxTSOv4,TxAllGSO,MacAddress,0x4,RxChecksum,TxChecksum>
virtio_pci4: negotiated features: 0x308f8020 <EventIdx,RingIndirect,SetMacAddress,VLanFilter,RxMode,ControlVq,Status,MrgRxBuf,MacAddress>
pci0: <old> at device 22.0 (no driver attached)
atkbdc0: <Keyboard controller (i8042)> port 0x60,0x64 irq 1 on acpi0
atkbd0: <AT Keyboard> irq 1 on atkbdc0
atkbd0: [GIANT-LOCKED]
uart0: <16550 or compatible> port 0x3f8-0x3ff irq 4 on acpi0
uart0: console (9600,n,8,1)
uart0: [GIANT-LOCKED]
orm0: <ISA Option ROM> at iomem 0xef000-0xeffff on isa0
Initializing product: 169 ..

Setting Serial ID!!!
md0: Preloaded image </packages/sets/active/boot/os-kernel/contents.izo> 7767552 bytes at 0xffffffff81a3fa88
usbus0: 12Mbps Full Speed USB v1.0
JUNOS procfs is initialized.
Timecounters tick every 1.000 msec
 Loading Redundant LT driver
Registered AMT tunnel Encap with UDP Tunnel!
can't re-use a leaf (pvidb_rootnode)!
rts_init: registered inrtsock osd: slotid 3
###PCB Group initialized for udppcbgroup
###PCB Group initialized for tcppcbgroup
usbus1: 480Mbps High Speed USB v2.0
ugen0.1: <Intel> at usbus0
uhub0: <Intel UHCI root HUB, class 9/0, rev 1.00/1.00, addr 1> on usbus0
ugen1.1: <Intel> at usbus1
uhub1: <Intel EHCI root HUB, class 9/0, rev 2.00/1.00, addr 1> on usbus1
ada0 at ata0 bus 0 scbus0 target 0 lun 0
ada0: <QEMU HARDDISK 2.2.0> ATA-7 device
ada0: Serial Number QM00001
ada0: 16.700MB/s transfers (WDMA2, PIO 8192bytes)
ada0: 8193MB (16779264 512 byte sectors: 16H 63S/T 16383C)
ada0: Previously was known as ad0
ada1 at ata0 bus 0 scbus0 target 1 lun 0
ada1: <QEMU HARDDISK 2.2.0> ATA-7 device
ada1: Serial Number QM00002
ada1: 16.700MB/s transfers (WDMA2, PIO 8192bytes)
ada1: 4096MB (8388608 512 byte sectors: 16H 63S/T 8322C)
ada1: Previously was known as ad1
ada2 at ata1 bus 0 scbus1 target 0 lun 0
ada2: <QEMU HARDDISK 2.2.0> ATA-7 device
ada2: Serial Number QM00003
ada2: 16.700MB/s transfers (WDMA2, PIO 8192bytes)
ada2: 512MB (1048576 512 byte sectors: 16H 63S/T 1040C)
ada2: Previously was known as ad2
ada3 at ata1 bus 0 scbus1 target 1 lun 0
ada3: <QEMU HARDDISK 2.2.0> ATA-7 device
ada3: Serial Number QM00004
ada3: 16.700MB/s transfers (WDMA2, PIO 8192bytes)
ada3: 1024MB (2097152 512 byte sectors: 16H 63S/T 2080C)
ada3: Previously was known as ad3
random: unblocking device.
SMP: AP CPU #1 Launched!
Kernel thread "wkupdaemon" (pid 24) exited prematurely.
Timecounter "TSC-low" frequency 1250029384 Hz quality 1000
Root mount waiting for: usbus1 usbus0
uhub0: 2 ports with 2 removable, self powered
uhub1: 2 ports with 2 removable, self powered
Root mount waiting for: usbus1
ugen1.2: <vendor 0x8087> at usbus1
uhub2: <vendor 0x8087 product 0x0020, class 9/0, rev 2.00/0.00, addr 2> on usbus1
Root mount waiting for: usbus1
uhub2: 6 ports with 6 removable, self powered
Trying to mount root from cd9660:/dev/md0.uzip []...

pci-hgcomdev module loadedhgcommdev0: <HGCOMMDEV For Host VM communication> mem 0xfeb6a000-0xfeb6afff at device 22.0 on pci0
hgcommdev0: hgcommdev: registers at 0xfffff800feb6a000
uart1: <Non-standard ns8250 class UART with FIFOs> on fxcb_fpga0


root@core1.vzh> show system storage no-forwarding

Filesystem              Size       Used      Avail  Capacity   Mounted on
/dev/md0.uzip            20M        20M         0B      100%  /
devfs                   1.0K       1.0K         0B      100%  /dev
/dev/gpt/junos          4.0G       730M       3.0G       19%  /.mount
devfs                   1.0K       1.0K         0B      100%  /.mount/dev
/dev/md1.uzip            22M        22M         0B      100%  /.mount/packages/mnt/os-libs-10
/dev/md2.uzip            21M        21M         0B      100%  /.mount/packages/mnt/os-runtime
tmpfs                    12G        16K        12G        0%  /.mount/tmp
procfs                  4.0K       4.0K         0B      100%  /.mount/proc
/dev/ada2p1             496M      1020K       455M        0%  /.mount/config
/dev/ada1p1             475M       176M       261M       40%  /.mount/var
/dev/md3.uzip           1.3M       1.3M         0B      100%  /.mount/packages/mnt/os-zoneinfo64-97520b09
/dev/md4.uzip            18M        18M         0B      100%  /.mount/packages/mnt/os-libs-compat32-10
/dev/md5.uzip           490K       490K         0B      100%  /.mount/packages/mnt/os-compat32
/dev/md6.uzip           4.4M       4.4M         0B      100%  /.mount/packages/mnt/py-extensions32-c19e7527
/dev/md7.uzip            12M        12M         0B      100%  /.mount/packages/mnt/py-base32-2c32c3ed
/dev/md8.uzip           6.8M       6.8M         0B      100%  /.mount/packages/mnt/os-crypto
/dev/md9.uzip            15M        15M         0B      100%  /.mount/packages/mnt/junos-net
/dev/md10.uzip           41M        41M         0B      100%  /.mount/packages/mnt/junos-libs-compat32
/dev/md11.uzip          601M       601M         0B      100%  /.mount/packages/mnt/junos-runtime32-48df7a2b
/packages/mnt/junos-libs-compat32/usr/lib32        41M        41M         0B  100%  /.mount/packages/mnt/junos-runtime32-48df7a2b/web-api/libs/junos
/packages/mnt/os-libs-compat32-10/usr/lib32        18M        18M         0B  100%  /.mount/packages/mnt/junos-runtime32-48df7a2b/web-api/libs/os
/packages/mnt/os-compat32/libexec       490K       490K         0B  100%  /.mount/packages/mnt/junos-runtime32-48df7a2b/web-api/libexec
/var/jails/rest-api       475M       176M       261M     40%  /.mount/packages/mnt/junos-runtime32-48df7a2b/web-api/var
/dev/md12.uzip          182M       182M         0B      100%  /.mount/packages/mnt/junos-runtime-qfx32-30245277
/dev/md13.uzip           36M        36M         0B      100%  /.mount/packages/mnt/junos-platform-qfx
/dev/md14.uzip          1.2M       1.2M         0B      100%  /.mount/packages/mnt/junos-modules64-6500810a
/dev/md15.uzip          1.3M       1.3M         0B      100%  /.mount/packages/mnt/junos-modules-qfx64-b901a9e0
/dev/md16.uzip          5.7M       5.7M         0B      100%  /.mount/packages/mnt/junos-libs
/dev/md17.uzip          9.1M       9.1M         0B      100%  /.mount/packages/mnt/junos-dp-crypto-support32-04d18f7f
/dev/md18.uzip           50M        50M         0B      100%  /.mount/packages/mnt/junos-daemons64-1cd76686
/dev/md19.uzip          2.2M       2.2M         0B      100%  /.mount/packages/mnt/junos-daemons-qfx64-9c4c2a69
/dev/md20.uzip           14M        14M         0B      100%  /.mount/packages/mnt/jsdn32-fb3efb60
/dev/md21.uzip           56M        56M         0B      100%  /.mount/packages/mnt/jpfe-qfx-x86-3232-717a87f4
/dev/md22.uzip           11M        11M         0B      100%  /.mount/packages/mnt/jdocs32-741ab2ca
/dev/ada1p2             475M        13M       424M        3%  /.mount/var/log
/dev/ada1p3             2.7G       142M       2.3G        6%  /.mount/var/tmp
/dev/ada1p4             237M        28K       218M        0%  /.mount/altconfig
/dev/ada3s2              90M       908K        89M        1%  /.mount/var/host
/dev/ada3s1             904M       8.0K       832M        0%  /.mount/user
tmpfs                   1.9G        38M       1.9G        2%  /.mount/mfs
/dev/md23               992M        26M       886M        3%  /.mount/var/rundb
/dev/md24                16M        16M         0B      100%  /.mount/packages/mnt/jpuppet-3.6.1_2.1.junos.x86-3232-2e439560
/dev/md25                63M        63M         0B      100%  /.mount/packages/mnt/chef-11.10.4_1.1.junos.x86-3232-93213d6d


root@core1.vzh> show system virtual-memory no-forwarding

         Type InUse MemUse HighUse Requests  Size(s)
         kenv    48    10K       -      528  16,32,64,256,8192
       kqueue    41    35K       -     4581  16,64,256,512,2048
          USB    20    23K       -       22  16,128,512,4096
         proc        procK       -     args  63
        hhook    16     3K       -       24  16,32,256
      ithread   130    20K       -      130  32,128,256
      ata_pci     1     1K       -        1  64
       KTRACE   100    13K       -      100  128
     acpitask     1    16K       -        1  16384
       linker   895  1997K       -     1235  16,32,64,128,256,512,1024,2048,4096,8192,16384,32768,65536
        lockf   168    18K       -  5247831  64,128
   loginclass     2     1K       -    47493  128
   CAM periph    10     3K       -       21  16,32,64,128,256
       ip6ndp     0     0K       -       16
       ip6opt     1     1K       -  2214821  32,128
         temp 55429  6924K       - 46856782  16,32,64,128,256,512,1024,2048,4096,8192,16384,65536
       devbuf  3672  3586K       -     4132  16,32,64,128,256,512,1024,2048,4096,8192,16384,32768
       module   322    41K       -      322  128
       kbdmux     6    22K       -        6  16,512,1024,2048,16384
     mtx_pool     2    16K       -        2  8192
     netstack     1     1K       -        1  16
        vtbuf    24  1968K       -       46  4096
           vt    11     6K       -       11  512
          osd   662    11K       -  4982499  16,32
          LED     2     1K       -        2  16,128
     pmchooks     1     1K       -        1  128
   md_sectors   123   492K       -      125  4096
      md_disk   149    56K       -      151  32,2048
      subproc   272   581K       -   201489  512,4096
         proc     2     2K       -        2  1024
      session    10     3K       -    56866  256
         pgrp    10     2K       -    56866  128
         cred   168    27K       -  3348318  64,256
      uidinfo     3     1K       -     8297  128,256
       plimit    27     7K       -    48525  256
     openfirm     5     1K       -        6  16
      acpisem    20     3K       -       20  128
CAM dev queue     3     1K       -        3  64
    CAM queue    10     4K       -       17  16,32,512
    sysctltmp     0     0K       -  2272666  16,32,64,256
    sysctloid  6475   338K       -     6527  16,32,64,128
       sysctl     0     0K       - 257395105 16,32,64,128
       DEVFS1   306   153K       -    14165  512
      tidhash     1     2K       -        1  2048
      callout     3  1672K       -        3
         umtx   450    57K       -      450  128
     p1003.1b     1     1K       -        1  16
         SWAP     2   277K       -        2  64
       DEVFS3   468   117K       -    14837  256
          bus         busK       -       sc  44
          bus  2568   143K       -    57889  16,32,64,128,256,1024
      devstat    34    69K       -       34  32,4096
 eventhandler   109     9K       -      109  64,128
       DEVFS2   306     5K       -    14161  16
         kobj   159   636K       -      418  4096
          Per         PerK       -      cpu  1
        DEVFS    47     1K       -       48  16,128
       DEVFSP     0     0K       -        7  64
 msdosfs_node    12     3K       -       73  256
         rman   113    14K       -      526  32,128
         sbuf     1     1K       -   259521  16,32,64,128,256,512,1024,2048,4096,8192,16384,32768,65536
       sglist    10     1K       -       10  32,128
  msdosfs_fat     1     8K       -        1  8192
msdosfs_mount     1     1K       -        1  512
  nullfs_node     4     1K       -        4  64
    taskqueue    45     7K       -       45  16,32,256
     terminal    11     3K       -       11  256
       Unitno    17     1K       -   364919  32,64
         vmem     3   536K       -        4  8192,16384,65536
          iov     0     0K       - 856947353 16,32,64,128,256,512
       select    88    11K       -   415951  128,512
     ioctlops     0     0K       -   111121  512,2048,4096
          msg     4    30K       -        4  2048,4096,8192,16384
          sem     4   106K       -        4  2048,4096
          shm    10   136K       -       56  8192,65536
          tty   132   132K       -    13977  1024
          pts   118    30K       -    13963  256
     mbuf_tag     0     0K       - 339438962 32,64
        shmfd    31    22K       -       72  64,256,1024,8192
  nullfs_hash     1  1024K       -        1
          pcb 51566 64129K       -   572381  16,32,64,128,512,1024,2048,4096
       soname   158    17K       - 114061841 16,32,64,128
          acl     0     0K       -        8  4096
       biobuf  9072 10408K       -     9591  1024,2048
     vfscache     1  2048K       -        1
   cl_savebuf     0     0K       -     9328  64,256
     vfs_hash     1  1024K       -        1
 nullfs_mount     4     1K       -        4  32
       vnodes     1     1K       -        1  256
    pfs_nodes    36     9K       -       36  256
        mount   579    23K       -      928  16,32,64,128,256
  pfs_vncache   115     8K       -    21196  64
  vnodemarker     0     0K       -  3561886  512
    ufs_mount    24    94K       -       24  512,2048,4096,8192
    vm_pgdata     2  2049K       -        2  128
      UMAHash     4    85K       -       20  512,1024,2048,4096,8192,16384,32768,65536
   tmpfs name   186     4K       -     2231  16,32,64
       OAMCTL     0     0K       -        4  64
  tmpfs mount     2     1K       -        2  128
     CAM path    11     1K       -       46  32
      CAM CCB     0     0K       -  8721295  2048
      memdesc     1     4K       -        1  4096
         GEOM   676    98K       -     5441  16,32,64,128,256,512,1024,16384
     atkbddev     1     1K       -        1  64
      CAM DEV     7    14K       -        8  2048
      acpidev    21     2K       -       21  64
      CAM XPT    27     2K       -     1552  32,64,128,256,512,1024,2048,65536
      entropy  1026    65K       -    20187  32,64,4096
      CAM SIM     3     1K       -        3  256
         UART     8    23K       -        8  16,1024,2048,8192
       apmdev     1     1K       -        1  128
    geom_uzip    69  1017K       -  2124897  64,128,256,512,1024,2048,4096,8192,16384,32768,65536
   madt_table     0     0K       -        1  4096
       isadev     1     1K       -        1  128
   isofs_node 10100  2525K       -    10100  256
  isofs_mount    25     7K       -       25  256
  ddb_capture     1    64K       -        1  65536
     pci_link    10     1K       -       10  16,128
     acpiintr     1     1K       -        1  64
      io_apic     1     2K       -        1  2048
       acpica   927    99K       -    27085  16,32,64,128,256,512,1024,2048,8192
         cdev     6     2K       -        6  256
          MCA    10     2K       -       10  128
          msi    18     3K       -       18  128
     nexusdev     5     1K       -        5  16
       USBdev    18     4K       -       21  32,64,128,256,512
     filecaps     0     0K       -        6  128
        sigio     1     1K       -    19553  64
     filedesc   154   383K       -   253030  16,32,64,128,2048,4096,8192,16384,32768,65536
      kdtrace   348    64K       -   201565  64,256
      ifmaddr   822    27K       -      822  32,64
         ipfw   117   176K       -      235  16,32,64,128,256,512,1024,2048,4096,8192,32768
       rtdata   186    30K       -    63604
       ifstat   530   891K       -  1128779  16,32,512,1024,4096,8192
     ifdevice   148    39K       -      148  16,512,2048
       rcache     4    16K       -        4  4096
        rnode  7670   241K       - 38400539  32
    ingrentry    33     3K       -       33  64
    inifmulti    11     1K       -       11  64
      metrics    63    13K       -    40494
    rtnexthop   923   341K       - 39314747  16,32,64,256,512
     iffamily   236    89K       -      251  16,32,64,512,2048
    iflogical   151   169K       -      151  16,512,1024,2048,4096
       crypto     1     1K       -        1  512
        jlock    80    19K       -    84764
       gtable  1193    69K       -     1443  64
          DDI    11     1K       -       11
gresstatevarlog     1    96K       -        1
  ifl_idx_mgr     1     1K       -        1
JFE statistics    59    12K       -       59
        jlist     1     1K       -        1
ifstateSLLNode     0     0K       -      267 16
     ifa_list    45     1K       -       48  16
          STP   208   576K       -      211  2048,8192
     syncache     1    16K       -        1  16384
vpls_lc_instance     1     4K       -        1 4096
     tlv_stat     0     0K       -  1301473  8192,16384,65536
        assoc    30     2K       -     5392  32
         ddos     7   199K       -       17  32,64,2048,32768,65536
shared_bitvector   131    14K       - 8222004859
Bridge Domain    10     3K       -       10  32,512
        devrt    11    77K       -       11  64,256
 ifl_tlv_info    34     1K       -       34  16
   ifl_st_ctl    36     1K       -       36  16
         mesh        meshK       -    group  12
InterFaceBridgeDomain    50    11K       -       50
       rtsmsg     0     0K       - 266984600 4096,8192,16384
          idl     2    18K       -    18947  16,512,2048,4096,8192,16384
          jsr   135    36K       - 157910261 32,256,512
       gencfg  2410   290K       -     4057  16,32,64,128,256,512,1024,2048,4096,8192
      pfestat   180   294K       - 1600470108 16,512,2048,4096
          pic    25    10K       -       25  32,128,256,1024
           lr     1     4K       -        1  4096
     itable64     1     1K       -        1  128
     itable32   533    42K       -      533
     itable16   868   276K       -     9591  512
     ifstrace 1938528 197009K       - 695919786 64,128,512,1024
      ifstate 17905  1534K       - 304539639 16,32,64,128,512,2048,4096,8192,32768
      pfe_ipc     0     0K       - 3858283770 16,32,64,128,256,512,1024,2048,4096,8192,16384
         mkey   642    32K       -  4897320  16,32,128,512
    rnh_token  1064    29K       - 76376329  16,32,256,1024
       ifaddr    99    12K       -      103  32
       sysctl    20     5K       -       46  256,512,1024
       rtable  7890  1202K       - 38956296  16,32,128,512,1024
         bmeb     9   339K       -        9  16,32,64,512,2048,16384
  Export Host     2     2K       -        2  1024
  inpcbpolicy   213     7K       -   145444  32
  ipsecpolicy   426   107K       -   290888  256
      solaris 259994 13296K       -   260034 16,32,64,128,256,512,1024,2048,4096,8192,16384,32768,65536
       cyclic     8     1K       -        8  16,64,128
          fbt 59953  7750K       -    59953  128
          rpc     1     8K       -        1  8192
          SDT    20     1K       -       20  16,64
ITEM            SIZE     LIMIT     USED    FREE  REQUESTS
UMA Kegs:        384,        0,     108,      2,      108
UMA Zones:       896,        0,     108,      0,      108
UMA Slabs:        80,        0,   30120,     30,    30663
UMA RCntSlabs:    88,        0,    2938,     32,     2938
UMA Hash:        256,        0,       5,     10,        9
4 Bucket:         32,        0,      19,    856,  2477010
6 Bucket:         48,        0,      24,    806,   488000
8 Bucket:         64,        0,      20,    786,  4455791
12 Bucket:        96,        0,      36,    497, 20008436
16 Bucket:       128,        0,     211,    471, 30000143
32 Bucket:       256,        0,     124,    191, 17425051
64 Bucket:       512,        0,     389,    187,  2535032
128 Bucket:     1024,        0,    3714,    918,   987344
256 Bucket:     2048,        0,     597,    207, 23893943
vmem btag:        56,        0,   43923,  14652,    59099
VM OBJECT:       256,        0,   13246,    554,  6751426
RADIX NODE:      144,        0,   23537,    655,  9254394
MAP:             240,        0,       3,     61,        3
KMAP ENTRY:      128,        0,      45,    234,       45
MAP ENTRY:       128,        0,    4571,   1443, 17848564
VMSPACE:         448,        0,      62,     91,   224275
fakepg:          104,        0,     275,    257,      298
mt_zone:        4112,        0,     345,      0,      345
16:               16,        0,  160166,   1478, 1803422269
32:               32,        0,   84809,   1566, 1218202411
64:               64,        0,  356312, 116314, 1464453537
128:             128,        0,  132166,   1599, 31722119
256:             256,        0,   18614,    916, 40642588
512:             512,        0,    8416,    896, 612095913
1024:           1024,        0,   46471,   1593, 43482183
2048:           2048,        0,   14507,     53, 353350061
4096:           4096,        0,    1172,      5,   651776
8192:           8192,        0,     226,     20, 535105892
16384:         16384,        0,      70,     11,   260777
32768:         32768,        0,      30,      4,    49279
65536:         65536,        0,      15,      4,     2600
SLEEPQUEUE:       80,        0,     226,    177,      226
64 pcpu:           8,        0,       3,    253,        3
Files:            80,        0,    1202,   1048, 4308636861
TURNSTILE:       136,        0,     226,     94,      226
rl_entry:         40,        0,     120,    480,      120
umtx pi:          96,        0,       0,      0,        0
Junos 48:         48,        0,    8800,   1326, 5315732597
Junos 80:         80,        0,     867,   1633,  1850156
Junos 96:         96,        0,  508010, 277140, 354129259
Junos 120:       120,        0, 1101964, 175433, 384210886
Junos 160:       160,        0,    8351,    799, 4757887294
Junos 176:       176,        0,     334,    172,    63948
Junos 208:       208,        0,     491,    193,   727324
Junos 232:       232,        0,     823,    163,    88425
Junos 240:       240,        0,      44,    212, 38386784
Junos 296:       296,        0,     124,     84,  1226295
jsocket:          48,        0,     580,    748,  4897257
MAC labels:       40,        0,   20395,    905,  4326346
PROC:           1304,        0,     126,     18,   201343
THREAD:         1256,        0,     220,      5,      220
cpuset:           72,        0,     134,    141,      137
mbuf_packet:     256,  4652475,    3070,   1737, 7478691254
mbuf:            256,  4652475,      16,   2527, 36142886955
mbuf_cluster:   2048,   726948,    4816,    952, 6684321123
mbuf_jumbo_page:  4096,   363474,       0,     54, 268688169
mbuf_jumbo_9k:  9216,   107696,       0,      0,        0
mbuf_jumbo_16k: 16384,    60579,       0,      0,        0
mbuf_ext_refcnt:     4,        0,       0,   1004, 266984600
g_bio:           248,        0,       0,   2688, 26387459
ttyinq:          160,        0,    2766,   9009,   320989
ttyoutq:         256,        0,    1443,   4722,   167487
ata_request:     336,        0,       0,     88,  8721263
cryptop:          88,        0,       0,      0,        0
cryptodesc:       72,        0,       0,      0,        0
vtnet_tx_hdr:     24,        0,       3,    832, 7997827941
FPU_save_area:   832,        0,       0,      0,        0
GENCFG:          120,  2000031,     617,    142,      676
VNODE:           472,        0,   20142,    394,  2446698
VNODEPOLL:       112,        0,       0,      0,        0
BUF TRIE:        144,        0,    4794,  70644,  5808046
S VFS Cache:     108,        0,   14004,    276,  2705521
STS VFS Cache:   148,        0,       0,      0,        0
L VFS Cache:     328,        0,     165,     75,      302
LTS VFS Cache:   368,        0,       0,      0,        0
NAMEI:          1024,        0,       0,     40, 151961498
pipe:            744,        0,      44,     36,   177681
Mountpoints:     816,        0,      43,     12,       43
ksiginfo:        112,        0,     134,    916,  4857657
itimer:          352,        0,       0,      0,        0
KNOTE:           128,        0,     244,    283, 692075933
socket:          736,   373865,     580,     45,  4897257
unpcb:           240,   373872,     244,    188,  4375595
ipq:              72,     5720,       0,    385,  1520627
udp_inpcb:       392,   373870,      29,     61,     8854
tcp_inpcb:       392,   373870,     172,     68,   136548
tcpcb:          1160,   373866,     153,     27,   136548
sackhole:         32,        0,       0,    875, 175372899
tcptw:            96,     8200,      19,    391,    19988
syncache:        176,    15378,       0,    198,    21157
tcpreass:         40,    45500,       0,    600,       29
ripcb:           392,   373870,      13,     47,       43
selfd:            56,        0,     516,    762, 22739263399
SWAPMETA:        288,  1453907,       0,      0,        0
FFS inode:       168,        0,    9509,    151,  2399239
FFS1 dinode:     128,        0,    9023,    246,     9062
FFS2 dinode:     256,        0,     486,    129,  2390177
TMPFS dirent:     64,        0,       4,    554,     1329
TMPFS node:      232,        0,       5,    131,     1330
TMPFS dirent:     64,        0,     180,    378,      526
TMPFS node:      232,        0,     183,    123,      527
md23:            512,        0,   51114,     46,    51217
cyclic_id_cache:    64,        0,       0,      0,        0
dtrace_state_cache:  4096,        0,       0,      0,        0
taskq_zone:       48,        0,       0,      0,        0
762871162 cpu context switches
 81160690 device interrupts
3890513074 software interrupts
241401678 traps
2811986192 system calls
       62 kernel threads created
   111156  fork() calls
    90125 vfork() calls
        0 rfork() calls
        0 swap pager pageins
        0 swap pager pages paged in
        0 swap pager pageouts
        0 swap pager pages paged out
    42190 vnode pager pageins
    42190 vnode pager pages paged in
     2448 vnode pager pageouts
    13266 vnode pager pages paged out
        0 page daemon wakeups
 94207730 pages examined by the page daemon
        0 pages reactivated
 38806413 copy-on-write faults
      633 copy-on-write optimized faults
 13079221 zero fill pages zeroed
        0 zero fill pages prezeroed
      281 intransit blocking page faults
 54837189 total VM faults taken
    42077 page faults requiring I/O
        0 pages affected by kernel thread creation
292332128 pages affected by  fork()
253063185 pages affected by vfork()
        0 pages affected by rfork()
 59640288 pages freed
        0 pages freed by daemon
 51125523 pages freed by exiting process
    19833 pages active
   111769 pages inactive
        0 pages in VM cache
   270180 pages wired down
  2506010 pages free
     4096 bytes per page
425923323 total name lookups
           cache hits (96% pos + 1% neg) system 0% per-directory
           deletions 0%, falsehits 0%, toolong 0%
interrupt                          total       rate
irq1: atkbd0                           2          0
irq4: uart0                         4457          0
irq10: ehci0                    12854451          2
irq14: ata0                      8559819          1
irq15: ata1                       161444          0
cpu0:timer                    3980661910        834
irq260: virtio_pci1              3904191          0
irq261: virtio_pci1                   22          0
irq265: igb0:que 0             734517186        154
irq266: igb0:que 1            1011302377        212
irq267: igb0:link                      6          0
irq269: virtio_pci3             10174815          2
irq270: virtio_pci3                  234          0
irq272: virtio_pci4           2594526200        544
irq273: virtio_pci4               122782          0
cpu1:timer                    3608891042        756
Total                        11965680938       2509
vm.kmem_map_free: 11887583232


root@core1.vzh> show system buffer no-forwarding

netstat: kern.ipc.mbstat: No such file or directory
3091/4259/7350 mbufs in use (current/cache/total)
3082/2686/5768/726948 mbuf clusters in use (current/cache/total/max)
3070/1737 mbuf+clusters out of packet secondary zone in use (current/cache)
0/54/54/363474 4k (page size) jumbo clusters in use (current/cache/total/max)
0/0/0/107696 9k jumbo clusters in use (current/cache/total/max)
0/0/0/60579 16k jumbo clusters in use (current/cache/total/max)
6936K/6652K/13589K bytes allocated to network (current/cache/total)
0/0/0 requests for mbufs denied (mbufs/clusters/mbuf+clusters)
0/0/0 requests for jumbo clusters denied (4k/9k/16k)


root@core1.vzh> show system queues no-forwarding

output interface            bytes          max  packets      max    drops
lsi                             0        12500        0       41        0
dsc                             0            0        0        0        0
lo0                             0            0        0        0        0
gre                             0        12500        0       41        0
ipip                            0        12500        0       41        0
tap                             0            0        0        0        0
pime                            0        12500        0       41        0
pimd                            0        12500        0       41        0
em0                             0     12500000        0    41666        0
em2                             0     12500000        0    41666        0
em1                             0     12500000        0    41666        0
bme1                            0     12500000        0    41666        0
bme2                            0     12500000        0    41666        0
bme0                            0     12500000        0    41666        0
mtun                            0        12500        0       41        0
ae1                             0      1250000        0     4166        0
ae2                             0      1250000        0     4166        0
ae3                             0      1250000        0     4166        0
ae4                             0      1250000        0     4166        0
ae5                             0      1250000        0     4166        0
ae6                             0      1250000        0     4166        0
ae7                             0      1250000        0     4166        0
ae8                             0      1250000        0     4166        0
ae9                             0      1250000        0     4166        0
ae10                            0      1250000        0     4166        0
ae64                            0      1250000        0     4166        0
ae65                            0      1250000        0     4166        0
ae66                            0      1250000        0     4166        0
ae67                            0      1250000        0     4166        0
ae68                            0      1250000        0     4166        0
ae69                            0      1250000        0     4166        0
ae70                            0      1250000        0     4166        0
ae71                            0      1250000        0     4166        0
ae72                            0      1250000        0     4166        0
ae73                            0      1250000        0     4166        0
ae74                            0      1250000        0     4166        0
cbp0                            0     12500000        0    41666        0
pip0                            0     12500000        0    41666        0
irb                             0     12500000        0    41666        0
vtep                            0     12500000        0    41666        0
esi                             0     12500000        0    41666        0
gr-0/0/0                        0        12500        0       41        0
pfh-2/0/0                       0            0        0        0        0
pfe-2/0/0                       0            0        0        0        0
pfh-3/0/0                       0            0        0        0        0
pfe-3/0/0                       0            0        0        0        0
et-2/0/0                        0      1250000        0     4166        0
et-2/0/1                        0      1250000        0     4166        0
et-2/0/2                        0      1250000        0     4166        0
et-2/0/3                        0      1250000        0     4166        0
et-2/0/4                        0      1250000        0     4166        0
pfh-5/0/0                       0            0        0        0        0
pfe-5/0/0                       0            0        0        0        0
et-3/0/0                        0      1250000        0     4166        0
et-3/0/1                        0      1250000        0     4166        0
et-3/0/2                        0      1250000        0     4166        0
et-3/0/3                        0      1250000        0     4166        0
et-3/0/4                        0      1250000        0     4166        0
